Log file: C:\Users\User\Desktop\救護車派遣\006\logs\bbc ablation\20260815_184252\01_small_SP_plus_MCVaR_Extensive.log

[1/72] scale=small model=SP+MCVaR config=Extensive
Log file: C:\Users\User\Desktop\救護車派遣\006\logs\SP_seed42_scen30_used30_period8_sample1p0_D1p0_R1p0_H1p0_tl7200p0_gap0p01.log
Set parameter WLSAccessID
Set parameter WLSSecret
Set parameter LicenseID to value 2840773
Academic license 2840773 - for non-commercial use only - registered to ss___@gapp.nthu.edu.tw
Set parameter OutputFlag to value 1
==================================================
RUN METADATA
==================================================
- model_type: Extensive-MCVaR
- scenario_size_used: 30
- time_limit: 7200.0
- mip_gap: 0.01
- risk_alpha: 0.9
- risk_lambda: 0.5
- gurobi_Threads: 0
- gurobi_ConcurrentMIP: 1
- master_seed: 42
- num_scenarios_config: 30
- num_periods: 8
- sample_ratio: None
- sampled_disaster_areas: 70
- sampled_ccps: 50
- sampled_hospitals: 18
- demand_multiplier: 1.0
- road_capacity_multiplier: 1.0
- hospital_capacity_multiplier: 1.0
==================================================

Optimizing Extensive SP+MCVaR Model (monolithic, no acceleration)...

Gurobi Optimizer version 13.0.2 build v13.0.2rc1 (win64 - Windows Server 2025+.0 (26200.2))

CPU model: AMD Ryzen 9 9900X 12-Core Processor, instruction set [SSE2|AVX|AVX2|AVX512]
Thread count: 12 physical cores, 24 logical processors, using up to 24 threads

Non-default parameters:
TimeLimit  7200
MIPGap  0.01

Academic license 2840773 - for non-commercial use only - registered to ss___@gapp.nthu.edu.tw
Optimize a model with 1272740 rows, 3099481 columns and 15549110 nonzeros (Min)
Model fingerprint: 0xdb2350e6
Model has 3027481 linear objective coefficients
Variable types: 3098431 continuous, 1050 integer (50 binary)
Coefficient statistics:
  Matrix range     [4e-04, 1e+05]
  Objective range  [2e-01, 2e+06]
  Bounds range     [1e+00, 1e+00]
  RHS range        [4e-02, 3e+02]

Presolve removed 72360 rows and 121500 columns (presolve time = 5s)...
Presolve removed 72360 rows and 121500 columns (presolve time = 10s)...
Presolve removed 72360 rows and 121500 columns (presolve time = 15s)...
Presolve removed 72360 rows and 121500 columns
Presolve time: 18.05s
Presolved: 1200380 rows, 2977981 columns, 12980210 nonzeros
Variable types: 2976931 continuous, 1050 integer (50 binary)
Found heuristic solution: objective 1.059128e+08
Found heuristic solution: objective 3.806033e+07
Deterministic concurrent LP optimizer: primal simplex, dual simplex, and barrier
Showing barrier log only...

Root barrier log...

Elapsed ordering time = 10s
Ordering time: 26.39s
Elapsed ordering time = 28s
Elapsed ordering time = 32s
Elapsed ordering time = 35s
Elapsed ordering time = 40s
Ordering time: 45.93s

Barrier statistics:
 Dense cols : 151
 Free vars  : 1
 AA' NZ     : 1.128e+07
 Factor NZ  : 7.571e+07 (roughly 2.3 GB of memory)
 Factor Ops : 4.860e+10 (less than 1 second per iteration)
 Threads    : 10

                  Objective                Residual
Iter       Primal          Dual         Primal    Dual     Compl     Time
   0   2.90744036e+10 -7.56900557e+12  5.66e+07 1.37e+04  4.82e+07    91s
   1   1.76929929e+10 -6.33930890e+12  3.85e+07 2.19e+04  3.15e+07    92s
   2   1.58687051e+10 -5.21598511e+12  3.38e+07 7.16e+03  2.54e+07    93s
   3   1.11422049e+10 -4.69751982e+12  2.50e+07 3.30e+04  1.86e+07    94s
   4   2.21132217e+09 -4.26278019e+12  4.06e+06 2.72e+04  3.49e+06    95s
   5   1.45132719e+09 -3.10575195e+12  2.32e+06 1.69e+04  1.96e+06    95s
   6   9.64934778e+08 -2.11038394e+12  1.29e+06 1.35e+04  1.07e+06    96s
   7   5.77276826e+08 -1.13432093e+12  5.80e+05 9.48e+03  4.66e+05    97s
   8   3.75753568e+08 -5.48510713e+11  2.82e+05 4.31e+03  2.12e+05    98s
   9   1.84956558e+08 -2.36409318e+11  7.75e+04 1.65e+03  6.73e+04    99s
  10   1.06385408e+08 -1.27911710e+11  1.08e+04 7.79e+02  2.24e+04   100s
  11   9.66032864e+07 -5.31866511e+10  3.70e+03 2.81e+02  8.60e+03   100s
  12   9.33651623e+07 -2.50692029e+10  1.25e+03 1.19e+02  3.80e+03   101s
  13   9.24702723e+07 -1.12711420e+10  7.79e+02 4.94e+01  1.69e+03   102s
  14   8.95266245e+07 -3.92263372e+09  3.83e+02 1.43e+01  5.87e+02   103s
  15   8.59886213e+07 -5.12395824e+08  2.29e+02 1.13e+00  8.71e+01   104s
  16   5.67464911e+07 -1.12545859e+08  1.22e+02 9.14e-02  2.44e+01   105s
  17   4.02959156e+07 -9.10512242e+07  7.88e+01 8.35e-02  1.88e+01   105s
  18   3.26791190e+07 -6.80248497e+07  5.82e+01 5.42e-02  1.44e+01   106s
  19   2.58172432e+07 -5.54908336e+07  3.97e+01 4.51e-02  1.16e+01   107s
  20   2.15564417e+07 -3.55225269e+07  2.80e+01 2.69e-02  8.13e+00   108s
  21   2.08688139e+07 -1.81167429e+07  2.52e+01 2.79e-02  5.55e+00   109s
  22   2.06422596e+07 -8.68940769e+06  2.01e+01 3.72e-02  4.17e+00   110s
  23   2.00442906e+07 -1.48773325e+05  1.72e+01 3.25e-02  2.87e+00   112s
  24   1.94970793e+07  7.40697215e+06  1.16e+01 1.65e-02  1.72e+00   113s
  25   1.90802423e+07  1.14246888e+07  9.24e+00 4.90e-02  1.09e+00   115s
  26   1.87818451e+07  1.40493124e+07  6.52e+00 1.14e-01  6.73e-01   116s
  27   1.86247644e+07  1.49075274e+07  5.02e+00 8.58e-02  5.28e-01   117s
  28   1.85538632e+07  1.56781286e+07  4.43e+00 6.41e-02  4.09e-01   118s
  29   1.84891303e+07  1.59913876e+07  3.90e+00 5.62e-02  3.55e-01   119s
  30   1.83830332e+07  1.62068826e+07  3.06e+00 4.93e-02  3.09e-01   121s
  31   1.82983643e+07  1.66440809e+07  2.40e+00 4.45e-02  2.35e-01   122s
  32   1.82497797e+07  1.67455367e+07  2.03e+00 4.09e-02  2.14e-01   124s
  33   1.82128443e+07  1.69049743e+07  1.77e+00 3.47e-02  1.86e-01   125s
  34   1.81554701e+07  1.70749820e+07  1.37e+00 3.21e-02  1.54e-01   127s
  35   1.81218213e+07  1.71433497e+07  1.16e+00 2.95e-02  1.39e-01   128s
  36   1.80859785e+07  1.72341615e+07  9.37e-01 2.61e-02  1.21e-01   130s
  37   1.80526069e+07  1.73250740e+07  7.49e-01 2.25e-02  1.03e-01   131s
  38   1.80308591e+07  1.73898089e+07  6.33e-01 2.00e-02  9.11e-02   133s
  39   1.80135514e+07  1.74887103e+07  5.50e-01 1.60e-02  7.46e-02   134s
  40   1.79953120e+07  1.75263788e+07  4.64e-01 1.45e-02  6.66e-02   136s
  41   1.79806352e+07  1.75684405e+07  4.00e-01 1.28e-02  5.86e-02   137s
  42   1.79673597e+07  1.76228752e+07  3.44e-01 1.06e-02  4.89e-02   138s
  43   1.79570380e+07  1.76641015e+07  3.03e-01 8.99e-03  4.16e-02   140s
  44   1.79465205e+07  1.76993441e+07  2.62e-01 7.69e-03  3.51e-02   141s
  45   1.79369837e+07  1.77188336e+07  2.26e-01 6.91e-03  3.10e-02   143s
  46   1.79287070e+07  1.77380332e+07  1.97e-01 6.14e-03  2.71e-02   144s
  47   1.79261100e+07  1.77455593e+07  1.87e-01 5.83e-03  2.57e-02   145s
  48   1.79238446e+07  1.77522399e+07  1.80e-01 5.53e-03  2.44e-02   147s
  49   1.79140871e+07  1.77646930e+07  1.46e-01 4.97e-03  2.12e-02   148s
  50   1.79099013e+07  1.77789349e+07  1.31e-01 4.35e-03  1.86e-02   149s
  51   1.79049583e+07  1.77848937e+07  1.15e-01 4.08e-03  1.71e-02   151s
  52   1.79014708e+07  1.77960176e+07  1.04e-01 3.57e-03  1.50e-02   152s
  53   1.78980987e+07  1.78096601e+07  9.35e-02 2.93e-03  1.26e-02   154s
  54   1.78953440e+07  1.78117914e+07  8.51e-02 2.82e-03  1.19e-02   155s
  55   1.78942681e+07  1.78129139e+07  8.18e-02 2.76e-03  1.16e-02   157s
  56   1.78918484e+07  1.78195355e+07  7.44e-02 2.44e-03  1.03e-02   158s
  57   1.78887371e+07  1.78219785e+07  6.51e-02 2.32e-03  9.48e-03   159s
  58   1.78867382e+07  1.78291884e+07  5.90e-02 1.95e-03  8.18e-03   161s
  59   1.78850348e+07  1.78345545e+07  5.40e-02 1.68e-03  7.17e-03   162s
  60   1.78832523e+07  1.78377779e+07  4.88e-02 1.52e-03  6.46e-03   164s
  61   1.78813436e+07  1.78415650e+07  4.32e-02 1.32e-03  5.65e-03   165s
  62   1.78798466e+07  1.78440050e+07  3.89e-02 1.19e-03  5.09e-03   167s
  63   1.78792239e+07  1.78465745e+07  3.71e-02 1.06e-03  4.64e-03   168s
  64   1.78774368e+07  1.78482640e+07  3.19e-02 9.67e-04  4.15e-03   170s
  65   1.78764814e+07  1.78497750e+07  2.92e-02 8.86e-04  3.79e-03   171s
  66   1.78757111e+07  1.78514441e+07  2.70e-02 7.96e-04  3.45e-03   172s
  67   1.78748705e+07  1.78531310e+07  2.46e-02 7.04e-04  3.09e-03   174s
  68   1.78738895e+07  1.78550658e+07  2.18e-02 6.00e-04  2.67e-03   175s
  69   1.78731344e+07  1.78565739e+07  1.98e-02 5.17e-04  2.35e-03   177s
  70   1.78724938e+07  1.78575978e+07  1.80e-02 4.61e-04  2.12e-03   178s
  71   1.78718294e+07  1.78585653e+07  1.61e-02 4.08e-04  1.89e-03   180s
  72   1.78713912e+07  1.78592714e+07  1.49e-02 3.69e-04  1.72e-03   181s
  73   1.78708979e+07  1.78603080e+07  1.36e-02 3.12e-04  1.51e-03   183s
  74   1.78703465e+07  1.78607489e+07  1.20e-02 2.86e-04  1.36e-03   184s
  75   1.78697943e+07  1.78610669e+07  1.05e-02 2.68e-04  1.24e-03   185s
  76   1.78695034e+07  1.78614487e+07  9.75e-03 2.47e-04  1.14e-03   187s
  77   1.78692412e+07  1.78618698e+07  9.03e-03 2.24e-04  1.05e-03   188s
  78   1.78689921e+07  1.78626295e+07  8.35e-03 1.82e-04  9.04e-04   190s
  79   1.78687970e+07  1.78629126e+07  7.81e-03 1.66e-04  8.36e-04   191s
  80   1.78685000e+07  1.78633568e+07  6.99e-03 1.42e-04  7.31e-04   193s
  81   1.78682845e+07  1.78636457e+07  6.40e-03 1.25e-04  6.59e-04   194s
  82   1.78680144e+07  1.78639046e+07  5.66e-03 1.11e-04  5.84e-04   196s
  83   1.78678050e+07  1.78640622e+07  5.11e-03 1.02e-04  5.32e-04   197s
  84   1.78676070e+07  1.78642822e+07  4.57e-03 8.96e-05  4.73e-04   198s
  85   1.78674502e+07  1.78644290e+07  4.14e-03 8.14e-05  4.29e-04   200s
  86   1.78671783e+07  1.78646314e+07  3.41e-03 7.03e-05  3.62e-04   201s
  87   1.78670979e+07  1.78647419e+07  3.20e-03 6.42e-05  3.35e-04   203s
  88   1.78669480e+07  1.78648546e+07  2.80e-03 5.81e-05  2.98e-04   204s
  89   1.78667853e+07  1.78649929e+07  2.35e-03 5.03e-05  2.55e-04   206s
  90   1.78666196e+07  1.78650896e+07  1.90e-03 4.48e-05  2.17e-04   207s
  91   1.78665297e+07  1.78651447e+07  1.65e-03 4.18e-05  1.97e-04   208s
  92   1.78664856e+07  1.78652536e+07  1.53e-03 3.59e-05  1.75e-04   210s
  93   1.78664269e+07  1.78653072e+07  1.37e-03 3.29e-05  1.59e-04   211s
  94   1.78663635e+07  1.78653545e+07  1.20e-03 3.03e-05  1.43e-04   213s
  95   1.78663073e+07  1.78654432e+07  1.05e-03 2.54e-05  1.23e-04   214s
  96   1.78662589e+07  1.78655195e+07  9.17e-04 2.13e-05  1.05e-04   215s
  97   1.78662335e+07  1.78655426e+07  8.49e-04 2.00e-05  9.82e-05   217s
  98   1.78661717e+07  1.78655975e+07  6.85e-04 1.70e-05  8.16e-05   218s
  99   1.78661609e+07  1.78656291e+07  6.56e-04 1.52e-05  7.56e-05   219s
 100   1.78661250e+07  1.78656697e+07  5.61e-04 1.30e-05  6.47e-05   221s
 101   1.78660969e+07  1.78656876e+07  4.87e-04 1.20e-05  5.82e-05   222s
 102   1.78660670e+07  1.78657211e+07  4.07e-04 1.02e-05  4.91e-05   224s
 103   1.78660426e+07  1.78657451e+07  3.41e-04 8.89e-06  4.23e-05   225s
 104   1.78660287e+07  1.78657639e+07  3.05e-04 7.87e-06  3.76e-05   227s
 105   1.78660212e+07  1.78657838e+07  2.86e-04 6.80e-06  3.37e-05   228s
 106   1.78660057e+07  1.78657973e+07  2.45e-04 6.03e-06  2.96e-05   229s
 107   1.78659902e+07  1.78658056e+07  2.05e-04 5.57e-06  2.62e-05   231s
 108   1.78659800e+07  1.78658324e+07  1.79e-04 4.13e-06  2.10e-05   232s
 109   1.78659709e+07  1.78658429e+07  1.55e-04 3.55e-06  1.82e-05   234s
 110   1.78659606e+07  1.78658514e+07  1.28e-04 3.08e-06  1.55e-05   235s
 111   1.78659534e+07  1.78658623e+07  1.10e-04 2.49e-06  1.29e-05   236s
 112   1.78659446e+07  1.78658707e+07  8.76e-05 2.04e-06  1.05e-05   238s
 113   1.78659391e+07  1.78658752e+07  7.35e-05 1.80e-06  9.06e-06   239s
 114   1.78659339e+07  1.78658846e+07  6.04e-05 1.30e-06  7.00e-06   241s
 115   1.78659313e+07  1.78658894e+07  5.39e-05 1.05e-06  5.95e-06   242s
 116   1.78659297e+07  1.78658912e+07  4.98e-05 9.52e-07  5.45e-06   244s
 117   1.78659261e+07  1.78658939e+07  4.08e-05 8.05e-07  4.56e-06   246s
 118   1.78659223e+07  1.78658961e+07  3.15e-05 6.88e-07  3.72e-06   248s
 119   1.78659204e+07  1.78658966e+07  2.65e-05 6.64e-07  3.37e-06   249s
 120   1.78659186e+07  1.78658981e+07  2.22e-05 5.83e-07  2.90e-06   251s
 121   1.78659176e+07  1.78658989e+07  1.96e-05 5.38e-07  2.64e-06   252s
 122   1.78659158e+07  1.78659001e+07  1.55e-05 4.78e-07  2.22e-06   254s
 123   1.78659151e+07  1.78659016e+07  1.36e-05 4.01e-07  1.91e-06   255s
 124   1.78659140e+07  1.78659030e+07  1.11e-05 3.30e-07  1.56e-06   257s
 125   1.78659128e+07  1.78659041e+07  8.22e-06 2.69e-07  1.23e-06   259s
 126   1.78659123e+07  1.78659059e+07  7.04e-06 1.78e-07  9.14e-07   261s
 127   1.78659118e+07  1.78659063e+07  5.88e-06 1.55e-07  7.84e-07   262s
 128   1.78659112e+07  1.78659071e+07  4.44e-06 1.10e-07  5.78e-07   264s
 129   1.78659107e+07  1.78659079e+07  3.25e-06 6.90e-08  3.96e-07   265s
 130   1.78659102e+07  1.78659082e+07  2.09e-06 5.30e-08  2.82e-07   267s
 131   1.78659099e+07  1.78659085e+07  1.46e-06 3.97e-08  2.07e-07   269s
 132   1.78659098e+07  1.78659089e+07  1.16e-06 2.16e-08  1.35e-07   271s
 133   1.78659097e+07  1.78659090e+07  9.36e-07 1.46e-08  1.03e-07   273s
 134   1.78659096e+07  1.78659090e+07  7.54e-07 1.20e-08  8.25e-08   275s
 135   1.78659096e+07  1.78659091e+07  7.19e-07 8.68e-09  7.15e-08   277s
 136   1.78659095e+07  1.78659092e+07  4.96e-07 6.25e-09  5.06e-08   279s
 137   1.78659095e+07  1.78659092e+07  3.90e-07 4.13e-09  3.74e-08   281s
 138   1.78659094e+07  1.78659093e+07  2.29e-07 1.46e-09  1.87e-08   283s
 139   1.78659093e+07  1.78659093e+07  1.30e-07 1.20e-09  1.08e-08   284s

Barrier solved model in 139 iterations and 284.26 seconds (448.36 work units)
Optimal objective 1.78659093e+07


Root crossover log...

  256568 DPushes remaining with DInf 0.0000000e+00               285s
   47980 DPushes remaining with DInf 0.0000000e+00               285s
   11264 DPushes remaining with DInf 0.0000000e+00               290s
    7434 DPushes remaining with DInf 0.0000000e+00               295s
    5246 DPushes remaining with DInf 0.0000000e+00               302s
    4699 DPushes remaining with DInf 0.0000000e+00               306s
    4154 DPushes remaining with DInf 0.0000000e+00               311s
    3609 DPushes remaining with DInf 0.0000000e+00               318s
    3148 DPushes remaining with DInf 0.0000000e+00               325s
    2602 DPushes remaining with DInf 0.0000000e+00               332s
    2152 DPushes remaining with DInf 0.0000000e+00               341s
    1712 DPushes remaining with DInf 0.0000000e+00               349s
    1262 DPushes remaining with DInf 0.0000000e+00               357s
     872 DPushes remaining with DInf 0.0000000e+00               364s
     542 DPushes remaining with DInf 0.0000000e+00               371s
     182 DPushes remaining with DInf 0.0000000e+00               377s
       0 DPushes remaining with DInf 0.0000000e+00               380s

   25970 PPushes remaining with PInf 4.9443934e-01               380s
    9059 PPushes remaining with PInf 3.1929045e-01               386s
       0 PPushes remaining with PInf 1.4506270e-02               389s

  Push phase complete: Pinf 1.4506270e-02, Dinf 1.4927795e+05    390s


Root simplex log...

Iteration    Objective       Primal Inf.    Dual Inf.      Time
   74351    1.7865909e+07   0.000000e+00   1.492779e+05    390s
   74551    1.7865909e+07   0.000000e+00   5.539253e+03    393s
   74751    1.7865909e+07   0.000000e+00   3.531407e+03    395s
   75161    1.7865909e+07   0.000000e+00   7.478861e+02    400s
   75721    1.7865909e+07   0.000000e+00   3.449658e+03    408s
   75851    1.7865909e+07   0.000000e+00   1.182843e+02    411s
   76031    1.7865909e+07   0.000000e+00   0.000000e+00    416s
Crossover time: 131.42 seconds (140.42 work units)
Concurrent spin time: 53.49s (can be avoided by choosing Method=3)

Solved with barrier

Root relaxation: objective 1.786591e+07, 76031 iterations, 433.91 seconds (508.65 work units)

    Nodes    |    Current Node    |     Objective Bounds      |     Work
 Expl Unexpl |  Obj  Depth IntInf | Incumbent    BestBd   Gap | It/Node Time

     0     0 1.7866e+07    0  161 3.8060e+07 1.7866e+07  53.1%     -  474s
H    0     0                    3.312353e+07 1.7866e+07  46.1%     -  480s
     0     0          -    0      3.3124e+07 1.7866e+07  46.1%     - 7200s

Cutting planes:
  Implied bound: 11744
  MIR: 35519
  Flow cover: 11404
  Flow path: 1747
  Network: 160
  Relax-and-lift: 446

Explored 1 nodes (400785 simplex iterations) in 7200.30 seconds (13450.02 work units)
Thread count was 24 (of 24 available processors)

Solution count 3: 3.31235e+07 3.80603e+07 1.05913e+08 

Time limit reached
Best objective 3.312353391402e+07, best bound 1.786590928511e+07, gap 46.0628%
  -> OK obj=33123533.914017 time=7200.41s gap=46.062792%
