Log file: C:\Users\User\Desktop\救護車派遣\006\logs\bbc ablation\20260815_184252\02_small_SP_plus_MCVaR_BBC.log

[2/72] scale=small model=SP+MCVaR config=BBC
Log file: C:\Users\User\Desktop\救護車派遣\006\logs\MCVAR_BBC_seed42_scen30_used30_period8_sample1p0_D1p0_R1p0_H1p0_tl7200p0_gap0p01_a0p9_l0p5.log
==================================================
RUN METADATA
==================================================
- model_type: MCVAR-BBC (mean-CVaR, multi-cut Branch-and-Benders-Cut)
- scenario_size_used: 30
- time_limit: 7200.0
- mip_gap: 0.01
- risk_alpha: 0.9
- risk_lambda: 0.5
- multi_cut: True
- root_seed_iters: 0
- root_cut_rounds: 0
- use_user_cuts: False
- ev_warm_start: False
- pareto_enabled: False
- master_seed: 42
- num_scenarios_config: 30
- num_periods: 8
- sample_ratio: None
- sampled_disaster_areas: 70
- sampled_ccps: 50
- sampled_hospitals: 18
- demand_multiplier: 1.0
- road_capacity_multiplier: 1.0
- hospital_capacity_multiplier: 1.0
==================================================
==================================================

Optimizing SP+MCVaR Model (alpha=0.9, lambda=0.5) — B&BC engine...

Set parameter WLSAccessID
Set parameter WLSSecret
Set parameter LicenseID to value 2840773
Academic license 2840773 - for non-commercial use only - registered to ss___@gapp.nthu.edu.tw
======================================================================
BRANCH-AND-BENDERS-CUT
Parallel oracle workers: 5
======================================================================
[BBC t=47.5s] UB=217127701.31 LB=3538959.10 gap=98.37%
[BBC t=58.2s] UB=167728400.55 LB=4323181.09 gap=97.42%
[BBC t=70.7s] UB=152894920.37 LB=4653554.98 gap=96.96%
[BBC t=82.4s] UB=118673311.72 LB=5083429.11 gap=95.72%
[BBC t=94.6s] UB=118673311.72 LB=5157778.71 gap=95.65%
[BBC t=107.1s] UB=114056189.88 LB=5157778.71 gap=95.48%
[BBC t=120.4s] UB=91600646.42 LB=5157778.71 gap=94.37%
[BBC t=131.3s] UB=87363221.46 LB=5157778.71 gap=94.10%
[BBC t=142.0s] UB=87363221.46 LB=5169002.79 gap=94.08%
[BBC t=152.9s] UB=87363221.46 LB=5243394.47 gap=94.00%
[BBC t=165.3s] UB=87363221.46 LB=6196577.71 gap=92.91%
[BBC t=175.9s] UB=87363221.46 LB=6700550.41 gap=92.33%
[BBC t=186.4s] UB=87363221.46 LB=6904592.66 gap=92.10%
[BBC t=198.0s] UB=87363221.46 LB=7581421.98 gap=91.32%
[BBC t=210.7s] UB=87363221.46 LB=7741614.93 gap=91.14%
[BBC t=221.3s] UB=87363221.46 LB=7956551.75 gap=90.89%
[BBC t=232.0s] UB=83180615.20 LB=8239515.66 gap=90.09%
[BBC t=243.2s] UB=83180615.20 LB=8508625.32 gap=89.77%
[BBC t=253.2s] UB=83180615.20 LB=8634965.32 gap=89.62%
[BBC t=263.2s] UB=83180615.20 LB=8713605.56 gap=89.52%
[BBC t=275.0s] UB=80312668.92 LB=8735756.31 gap=89.12%
[BBC t=285.5s] UB=80312668.92 LB=8781913.06 gap=89.07%
[BBC t=296.0s] UB=80312668.92 LB=8805364.06 gap=89.04%
[BBC t=306.9s] UB=70916149.09 LB=8839400.96 gap=87.54%
[BBC t=318.3s] UB=70916149.09 LB=8881593.01 gap=87.48%
[BBC t=329.1s] UB=70916149.09 LB=8903407.64 gap=87.45%
[BBC t=341.2s] UB=70916149.09 LB=8918226.33 gap=87.42%
[BBC t=353.1s] UB=70916149.09 LB=8924960.72 gap=87.41%
[BBC t=369.3s] UB=70916149.09 LB=8932667.32 gap=87.40%
[BBC t=379.5s] UB=70916149.09 LB=8945664.81 gap=87.39%
[BBC t=391.3s] UB=70916149.09 LB=8958176.96 gap=87.37%
[BBC t=401.8s] UB=70916149.09 LB=8959678.94 gap=87.37%
[BBC t=414.6s] UB=59995422.20 LB=8973739.60 gap=85.04%
[BBC t=426.1s] UB=59995422.20 LB=8987163.77 gap=85.02%
[BBC t=440.8s] UB=59995422.20 LB=8997121.56 gap=85.00%
[BBC t=456.9s] UB=56132449.60 LB=8997466.75 gap=83.97%
[BBC t=470.8s] UB=56132449.60 LB=8997784.49 gap=83.97%
[BBC t=484.0s] UB=56132449.60 LB=8999725.86 gap=83.97%
[BBC t=498.4s] UB=56132449.60 LB=9001757.19 gap=83.96%
[BBC t=508.9s] UB=55281264.82 LB=9002508.61 gap=83.72%
[BBC t=519.5s] UB=55281264.82 LB=9006789.06 gap=83.71%
[BBC t=532.5s] UB=52705019.57 LB=9010439.68 gap=82.90%
[BBC t=543.9s] UB=52705019.57 LB=9013660.73 gap=82.90%
[BBC t=560.3s] UB=52705019.57 LB=9018821.61 gap=82.89%
[BBC t=575.4s] UB=52705019.57 LB=9026210.30 gap=82.87%
[BBC t=591.5s] UB=52705019.57 LB=9028347.83 gap=82.87%
[BBC t=603.5s] UB=51485014.92 LB=9030559.20 gap=82.46%
[BBC t=616.5s] UB=51485014.92 LB=9031061.76 gap=82.46%
[BBC t=627.3s] UB=51485014.92 LB=9032358.36 gap=82.46%
[BBC t=643.3s] UB=51485014.92 LB=9035159.05 gap=82.45%
[BBC t=657.5s] UB=51485014.92 LB=9036863.29 gap=82.45%
[BBC t=671.7s] UB=45988920.22 LB=9040759.77 gap=80.34%
[BBC t=686.4s] UB=45988920.22 LB=9041971.46 gap=80.34%
[BBC t=697.4s] UB=45988920.22 LB=9045958.17 gap=80.33%
[BBC t=711.2s] UB=45988920.22 LB=9049048.96 gap=80.32%
[BBC t=724.8s] UB=45988920.22 LB=9049895.15 gap=80.32%
[BBC t=737.5s] UB=45332745.53 LB=9050964.71 gap=80.03%
[BBC t=748.4s] UB=45332745.53 LB=9057004.77 gap=80.02%
[BBC t=762.7s] UB=45332745.53 LB=9061670.92 gap=80.01%
[BBC t=779.2s] UB=45332745.53 LB=9066189.80 gap=80.00%
[BBC t=789.2s] UB=45332745.53 LB=9068166.39 gap=80.00%
[BBC t=807.1s] UB=45332745.53 LB=9072160.42 gap=79.99%
[BBC t=821.6s] UB=45332745.53 LB=9072408.20 gap=79.99%
[BBC t=837.3s] UB=45332745.53 LB=9075759.95 gap=79.98%
[BBC t=853.4s] UB=45332745.53 LB=9078882.47 gap=79.97%
[BBC t=863.5s] UB=45332745.53 LB=9079031.97 gap=79.97%
[BBC t=873.5s] UB=45332745.53 LB=9082091.64 gap=79.97%
[BBC t=887.3s] UB=45332745.53 LB=9083298.86 gap=79.96%
[BBC t=901.1s] UB=45332745.53 LB=9085760.97 gap=79.96%
[BBC t=918.1s] UB=45332745.53 LB=9092005.28 gap=79.94%
[BBC t=932.5s] UB=45332745.53 LB=9093803.49 gap=79.94%
[BBC t=950.0s] UB=45332745.53 LB=9095005.00 gap=79.94%
[BBC t=967.3s] UB=45332745.53 LB=9097302.66 gap=79.93%
[BBC t=984.2s] UB=45332745.53 LB=9097868.61 gap=79.93%
[BBC t=997.0s] UB=45332745.53 LB=9101695.22 gap=79.92%
[BBC t=1008.7s] UB=45332745.53 LB=9106286.74 gap=79.91%
[BBC t=1027.1s] UB=45332745.53 LB=9117809.24 gap=79.89%
[BBC t=1043.1s] UB=45332745.53 LB=9122206.02 gap=79.88%
[BBC t=1053.7s] UB=45332745.53 LB=9122596.37 gap=79.88%
[BBC t=1063.9s] UB=45332745.53 LB=9125513.58 gap=79.87%
[BBC t=1080.4s] UB=45332745.53 LB=9127959.73 gap=79.86%
[BBC t=1095.7s] UB=45177629.41 LB=9129243.53 gap=79.79%
[BBC t=1110.8s] UB=45177629.41 LB=9132043.98 gap=79.79%
[BBC t=1129.0s] UB=45177629.41 LB=9134693.81 gap=79.78%
[BBC t=1139.9s] UB=45177629.41 LB=9135132.48 gap=79.78%
[BBC t=1154.9s] UB=44351918.95 LB=9138838.39 gap=79.39%
[BBC t=1165.0s] UB=44351918.95 LB=9139299.86 gap=79.39%
[BBC t=1180.8s] UB=44351918.95 LB=9143221.38 gap=79.38%
[BBC t=1194.0s] UB=44351918.95 LB=9146284.15 gap=79.38%
[BBC t=1204.2s] UB=44351918.95 LB=9152117.43 gap=79.36%
[BBC t=1214.8s] UB=44351918.95 LB=9152959.82 gap=79.36%
[BBC t=1232.5s] UB=44351918.95 LB=9156888.93 gap=79.35%
[BBC t=1251.2s] UB=44351918.95 LB=9159542.46 gap=79.35%
[BBC t=1261.5s] UB=44351918.95 LB=9162958.38 gap=79.34%
[BBC t=1280.2s] UB=44351918.95 LB=9164445.90 gap=79.34%
[BBC t=1295.1s] UB=44351918.95 LB=9166834.88 gap=79.33%
[BBC t=1305.3s] UB=44351918.95 LB=9169033.41 gap=79.33%
[BBC t=1317.2s] UB=44351918.95 LB=9170912.04 gap=79.32%
[BBC t=1328.1s] UB=44351918.95 LB=9172403.01 gap=79.32%
[BBC t=1338.2s] UB=44351918.95 LB=9172827.37 gap=79.32%
[BBC t=1353.1s] UB=44351918.95 LB=9175640.92 gap=79.31%
[BBC t=1364.5s] UB=44351918.95 LB=9177365.19 gap=79.31%
[BBC t=1374.8s] UB=44351918.95 LB=9178605.41 gap=79.31%
[BBC t=1385.1s] UB=44351918.95 LB=9182820.24 gap=79.30%
[BBC t=1407.1s] UB=44351918.95 LB=9186217.56 gap=79.29%
[BBC t=1422.1s] UB=44351918.95 LB=9190782.69 gap=79.28%
[BBC t=1440.7s] UB=44351918.95 LB=9191492.29 gap=79.28%
[BBC t=1451.8s] UB=44351918.95 LB=9192962.70 gap=79.27%
[BBC t=1464.1s] UB=44351918.95 LB=9193594.66 gap=79.27%
[BBC t=1475.0s] UB=44351918.95 LB=9193760.00 gap=79.27%
[BBC t=1495.7s] UB=44351918.95 LB=9194388.68 gap=79.27%
[BBC t=1516.0s] UB=44351918.95 LB=9197758.60 gap=79.26%
[BBC t=1526.5s] UB=44351918.95 LB=9198801.61 gap=79.26%
[BBC t=1544.2s] UB=44351918.95 LB=9200492.26 gap=79.26%
[BBC t=1564.2s] UB=44351918.95 LB=9207326.09 gap=79.24%
[BBC t=1580.8s] UB=44351918.95 LB=9210567.34 gap=79.23%
[BBC t=1597.4s] UB=44351918.95 LB=9212481.56 gap=79.23%
[BBC t=1614.5s] UB=44351918.95 LB=9213229.04 gap=79.23%
[BBC t=1627.0s] UB=44351918.95 LB=9213292.96 gap=79.23%
[BBC t=1643.1s] UB=44351918.95 LB=9216373.39 gap=79.22%
[BBC t=1664.4s] UB=44351918.95 LB=9219569.65 gap=79.21%
[BBC t=1679.3s] UB=44351918.95 LB=9221469.28 gap=79.21%
[BBC t=1691.1s] UB=44351918.95 LB=9222308.16 gap=79.21%
[BBC t=1703.7s] UB=44351918.95 LB=9224668.15 gap=79.20%
[BBC t=1718.2s] UB=44351918.95 LB=9224831.52 gap=79.20%
[BBC t=1730.6s] UB=40781185.44 LB=9227349.15 gap=77.37%
[BBC t=1742.7s] UB=40781185.44 LB=9227943.50 gap=77.37%
[BBC t=1755.3s] UB=40781185.44 LB=9230093.61 gap=77.37%
[BBC t=1776.4s] UB=40781185.44 LB=9233099.98 gap=77.36%
[BBC t=1791.9s] UB=40781185.44 LB=9235651.13 gap=77.35%
[BBC t=1802.5s] UB=40781185.44 LB=9237571.72 gap=77.35%
[BBC t=1815.2s] UB=40781185.44 LB=9237680.61 gap=77.35%
[BBC t=1827.8s] UB=40781185.44 LB=9240164.90 gap=77.34%
[BBC t=1838.5s] UB=40781185.44 LB=9242534.86 gap=77.34%
[BBC t=1851.1s] UB=40781185.44 LB=9243818.99 gap=77.33%
[BBC t=1872.3s] UB=40781185.44 LB=9247760.58 gap=77.32%
[BBC t=1884.6s] UB=40781185.44 LB=9249397.71 gap=77.32%
[BBC t=1896.8s] UB=40781185.44 LB=9250816.64 gap=77.32%
[BBC t=1909.6s] UB=40781185.44 LB=9253657.94 gap=77.31%
[BBC t=1925.0s] UB=40781185.44 LB=9255509.24 gap=77.30%
[BBC t=1938.1s] UB=40781185.44 LB=9256384.51 gap=77.30%
[BBC t=1958.6s] UB=40781185.44 LB=9259066.04 gap=77.30%
[BBC t=1972.2s] UB=40781185.44 LB=9261901.42 gap=77.29%
[BBC t=1985.6s] UB=40781185.44 LB=9262772.92 gap=77.29%
[BBC t=2004.0s] UB=40781185.44 LB=9268429.70 gap=77.27%
[BBC t=2017.0s] UB=40781185.44 LB=9270334.27 gap=77.27%
[BBC t=2038.5s] UB=40781185.44 LB=9272333.03 gap=77.26%
[BBC t=2051.8s] UB=40781185.44 LB=9275891.89 gap=77.25%
[BBC t=2064.8s] UB=40781185.44 LB=9279270.32 gap=77.25%
[BBC t=2087.4s] UB=40781185.44 LB=9281945.69 gap=77.24%
[BBC t=2100.9s] UB=40781185.44 LB=9284913.38 gap=77.23%
[BBC t=2115.6s] UB=40781185.44 LB=9287379.35 gap=77.23%
[BBC t=2128.0s] UB=40781185.44 LB=9289418.71 gap=77.22%
[BBC t=2142.4s] UB=40781185.44 LB=9291324.83 gap=77.22%
[BBC t=2155.1s] UB=40781185.44 LB=9292098.68 gap=77.21%
[BBC t=2170.3s] UB=40781185.44 LB=9292957.21 gap=77.21%
[BBC t=2184.7s] UB=40781185.44 LB=9293773.75 gap=77.21%
[BBC t=2200.3s] UB=40781185.44 LB=9296265.87 gap=77.20%
[BBC t=2223.0s] UB=40781185.44 LB=9296468.72 gap=77.20%
[BBC t=2244.7s] UB=40781185.44 LB=9299076.56 gap=77.20%
[BBC t=2259.5s] UB=40781185.44 LB=9300430.73 gap=77.19%
[BBC t=2273.7s] UB=40781185.44 LB=9301192.16 gap=77.19%
[BBC t=2297.0s] UB=40781185.44 LB=9303493.51 gap=77.19%
[BBC t=2319.5s] UB=40781185.44 LB=9305746.48 gap=77.18%
[BBC t=2329.9s] UB=40781185.44 LB=9307325.53 gap=77.18%
[BBC t=2344.7s] UB=40781185.44 LB=9307772.48 gap=77.18%
[BBC t=2359.4s] UB=40781185.44 LB=9309355.06 gap=77.17%
[BBC t=2373.8s] UB=40781185.44 LB=9310287.51 gap=77.17%
[BBC t=2389.4s] UB=40781185.44 LB=9310287.51 gap=77.17%
[BBC t=2405.0s] UB=40781185.44 LB=9312027.26 gap=77.17%
[BBC t=2419.6s] UB=40781185.44 LB=9312465.58 gap=77.16%
[BBC t=2437.0s] UB=40781185.44 LB=9314796.51 gap=77.16%
[BBC t=2461.0s] UB=40781185.44 LB=9315302.65 gap=77.16%
[BBC t=2479.9s] UB=40781185.44 LB=9317799.04 gap=77.15%
[BBC t=2494.6s] UB=40781185.44 LB=9320125.38 gap=77.15%
[BBC t=2505.7s] UB=40781185.44 LB=9321085.73 gap=77.14%
[BBC t=2530.3s] UB=40781185.44 LB=9322996.51 gap=77.14%
[BBC t=2549.7s] UB=40781185.44 LB=9324939.40 gap=77.13%
[BBC t=2564.8s] UB=40781185.44 LB=9325000.40 gap=77.13%
[BBC t=2579.0s] UB=40781185.44 LB=9327438.00 gap=77.13%
[BBC t=2602.3s] UB=40781185.44 LB=9330967.49 gap=77.12%
[BBC t=2627.2s] UB=40781185.44 LB=9333514.57 gap=77.11%
[BBC t=2638.9s] UB=40781185.44 LB=9335733.68 gap=77.11%
[BBC t=2653.6s] UB=40781185.44 LB=9337778.03 gap=77.10%
[BBC t=2677.3s] UB=40781185.44 LB=9340200.84 gap=77.10%
[BBC t=2692.7s] UB=40781185.44 LB=9342337.44 gap=77.09%
[BBC t=2707.7s] UB=40781185.44 LB=9344757.70 gap=77.09%
[BBC t=2726.6s] UB=40781185.44 LB=9346402.08 gap=77.08%
[BBC t=2744.6s] UB=40781185.44 LB=9348406.76 gap=77.08%
[BBC t=2760.0s] UB=40781185.44 LB=9350399.20 gap=77.07%
[BBC t=2784.6s] UB=40781185.44 LB=9352563.20 gap=77.07%
[BBC t=2796.9s] UB=40781185.44 LB=9353254.44 gap=77.06%
[BBC t=2808.1s] UB=40781185.44 LB=9354694.20 gap=77.06%
[BBC t=2818.8s] UB=40781185.44 LB=9355004.12 gap=77.06%
[BBC t=2836.0s] UB=38616639.31 LB=9355849.79 gap=75.77%
[BBC t=2853.8s] UB=37377986.77 LB=9356493.94 gap=74.97%
[BBC t=2864.6s] UB=37377986.77 LB=9356520.42 gap=74.97%
[BBC t=2879.9s] UB=37377986.77 LB=9357080.20 gap=74.97%
[BBC t=2895.3s] UB=37377986.77 LB=9358576.40 gap=74.96%
[BBC t=2911.1s] UB=37377986.77 LB=9360680.57 gap=74.96%
[BBC t=2922.7s] UB=37377986.77 LB=9362707.57 gap=74.95%
[BBC t=2948.7s] UB=37377986.77 LB=9364598.29 gap=74.95%
[BBC t=2965.8s] UB=37377986.77 LB=9366706.62 gap=74.94%
[BBC t=2976.2s] UB=37377986.77 LB=9368681.87 gap=74.94%
[BBC t=2991.8s] UB=37377986.77 LB=9369303.61 gap=74.93%
[BBC t=3016.3s] UB=37377986.77 LB=9371199.54 gap=74.93%
[BBC t=3028.7s] UB=37377986.77 LB=9371252.03 gap=74.93%
[BBC t=3045.1s] UB=37377986.77 LB=9372854.79 gap=74.92%
[BBC t=3068.8s] UB=37377986.77 LB=9374682.57 gap=74.92%
[BBC t=3085.7s] UB=37377986.77 LB=9376679.81 gap=74.91%
[BBC t=3111.7s] UB=37377986.77 LB=9379015.11 gap=74.91%
[BBC t=3133.8s] UB=37377986.77 LB=9381255.36 gap=74.90%
[BBC t=3150.6s] UB=37377986.77 LB=9383233.05 gap=74.90%
[BBC t=3164.7s] UB=37377986.77 LB=9385208.16 gap=74.89%
[BBC t=3181.3s] UB=37377986.77 LB=9387267.18 gap=74.89%
[BBC t=3193.1s] UB=37377986.77 LB=9387998.58 gap=74.88%
[BBC t=3208.0s] UB=37377986.77 LB=9389943.40 gap=74.88%
[BBC t=3225.9s] UB=37377986.77 LB=9392191.92 gap=74.87%
[BBC t=3237.8s] UB=37377986.77 LB=9392810.57 gap=74.87%
[BBC t=3254.6s] UB=37377986.77 LB=9393595.29 gap=74.87%
[BBC t=3273.9s] UB=37377986.77 LB=9395240.63 gap=74.86%
[BBC t=3292.0s] UB=37377986.77 LB=9396117.70 gap=74.86%
[BBC t=3313.6s] UB=37377986.77 LB=9398034.66 gap=74.86%
[BBC t=3323.9s] UB=37377986.77 LB=9398859.12 gap=74.85%
[BBC t=3335.3s] UB=37377986.77 LB=9399917.60 gap=74.85%
[BBC t=3357.8s] UB=37377986.77 LB=9400175.39 gap=74.85%
[BBC t=3375.1s] UB=37377986.77 LB=9401393.71 gap=74.85%
[BBC t=3397.8s] UB=37377986.77 LB=9403726.64 gap=74.84%
[BBC t=3415.4s] UB=37377986.77 LB=9405697.10 gap=74.84%
[BBC t=3436.6s] UB=37377986.77 LB=9407700.94 gap=74.83%
[BBC t=3453.1s] UB=37377986.77 LB=9408877.77 gap=74.83%
[BBC t=3480.8s] UB=37377986.77 LB=9411068.18 gap=74.82%
[BBC t=3494.6s] UB=37377986.77 LB=9412334.15 gap=74.82%
[BBC t=6292.5s] UB=37377986.77 LB=9412386.50 gap=74.82%
[BBC t=6306.4s] UB=37377986.77 LB=9412386.50 gap=74.82%
[BBC t=6318.7s] UB=37377986.77 LB=9412386.50 gap=74.82%
[BBC t=6330.7s] UB=37377986.77 LB=9412386.50 gap=74.82%
[BBC t=6344.2s] UB=37377986.77 LB=9412386.50 gap=74.82%
[BBC t=6357.9s] UB=37377986.77 LB=9412386.50 gap=74.82%
[BBC t=6369.5s] UB=37377986.77 LB=9412386.50 gap=74.82%
[BBC t=6379.5s] UB=37377986.77 LB=9412386.50 gap=74.82%
[BBC t=6396.7s] UB=37377986.77 LB=9412386.50 gap=74.82%
[BBC t=6408.2s] UB=37377986.77 LB=9412386.50 gap=74.82%
[BBC t=6424.8s] UB=37377986.77 LB=9412386.50 gap=74.82%
[BBC t=6442.1s] UB=37377986.77 LB=9412386.50 gap=74.82%
[BBC t=6453.8s] UB=37377986.77 LB=9412386.50 gap=74.82%
[BBC t=6469.9s] UB=37377986.77 LB=9412386.50 gap=74.82%
[BBC t=6484.8s] UB=37377986.77 LB=9412386.50 gap=74.82%
[BBC t=6497.1s] UB=37377986.77 LB=9412386.50 gap=74.82%
[BBC t=6508.0s] UB=37377986.77 LB=9412386.50 gap=74.82%
[BBC t=6519.1s] UB=37377986.77 LB=9412386.50 gap=74.82%
[BBC t=6537.8s] UB=37377986.77 LB=9412386.50 gap=74.82%
[BBC t=6548.8s] UB=37377986.77 LB=9412386.50 gap=74.82%
[BBC t=6561.2s] UB=37377986.77 LB=9412386.50 gap=74.82%
[BBC t=6574.5s] UB=37377986.77 LB=9412386.50 gap=74.82%
[BBC t=6591.1s] UB=37377986.77 LB=9412386.50 gap=74.82%
[BBC t=6602.4s] UB=37377986.77 LB=9412386.50 gap=74.82%
[BBC t=6612.5s] UB=37377986.77 LB=9412386.50 gap=74.82%
[BBC t=6627.3s] UB=37377986.77 LB=9412386.50 gap=74.82%
[BBC t=6638.5s] UB=37377986.77 LB=9412386.50 gap=74.82%
[BBC t=6654.9s] UB=37377986.77 LB=9412386.50 gap=74.82%
[BBC t=6677.6s] UB=37377986.77 LB=9412386.50 gap=74.82%
[BBC t=6710.0s] UB=37377986.77 LB=9412386.50 gap=74.82%
[BBC t=6728.7s] UB=37377986.77 LB=9412386.50 gap=74.82%
[BBC t=6741.0s] UB=37377986.77 LB=9412386.50 gap=74.82%
[BBC t=6809.2s] UB=37377986.77 LB=9434533.41 gap=74.76%
[BBC t=6820.0s] UB=37377986.77 LB=9509339.71 gap=74.56%
[BBC t=6833.4s] UB=37377986.77 LB=9528260.53 gap=74.51%
[BBC t=6848.5s] UB=37377986.77 LB=9528260.53 gap=74.51%
[BBC t=6888.3s] UB=37377986.77 LB=9528260.53 gap=74.51%
[BBC t=6898.7s] UB=37377986.77 LB=9564816.30 gap=74.41%
[BBC t=6938.1s] UB=37377986.77 LB=9649923.71 gap=74.18%
[BBC t=6948.6s] UB=37377986.77 LB=9662619.19 gap=74.15%
[BBC t=6961.5s] UB=37377986.77 LB=9684449.46 gap=74.09%
[BBC t=6975.6s] UB=37377986.77 LB=9696484.42 gap=74.06%
[BBC t=7013.4s] UB=37377986.77 LB=9711379.54 gap=74.02%
[BBC t=7024.5s] UB=37377986.77 LB=9745355.57 gap=73.93%
[BBC t=7050.2s] UB=37377986.77 LB=9749712.70 gap=73.92%
[BBC t=7063.3s] UB=37377986.77 LB=9755201.59 gap=73.90%
[BBC t=7096.0s] UB=37377986.77 LB=9783545.33 gap=73.83%
[BBC t=7122.8s] UB=37377986.77 LB=9818196.79 gap=73.73%
[BBC t=7133.3s] UB=37377986.77 LB=9831960.59 gap=73.70%
[BBC t=7162.3s] UB=37377986.77 LB=9834900.97 gap=73.69%
[BBC t=7172.7s] UB=37377986.77 LB=9837899.73 gap=73.68%
[BBC t=7200.1s] UB=37377986.77 LB=9856210.82 gap=73.63%
----------------------------------------------------------------------
B&BC done | status=TIME_LIMIT | LB=9876489.124596784 | UB=37377986.76594193 | gap=73.57672261365335%
cuts_added=12288 user_cuts=0 lazy_cuts=12288 seed_cuts=0 pareto_enabled=False rootSeedIters=0/0 seeded_LB=NA rootSeedStop=disabled rootCutRounds=0/0 parallel_oracles=5 oracle_solves=12360 cache_hits=8 cache_misses=412 root_seed_time=0.00s callback_time=2006.01s

==================================================
SP MODEL (RP) RESULT SUMMARY
 
 - Engine: multi-cut Branch-and-Benders-Cut (MCVaR)
 - Disaster Areas: 70
 - Candidate CCPs: 50
 - Hospitals: 18
 - Scenarios: 30
 - Time Period: 8
 - Objective Value:     37377986.77
 - CPU Time:            7205.47 s
 - num_vars:            1111
 - num_constrs:         200
 - Nodes:               281592
 - Iteration:           5590485 (Simplex iterations)
 - Best UB (Objective): 37377986.77
 - Best LB (Bound):     9876489.12
 - Final Gap:           73.5767%
 - VSS(%)    = NA
 - EVPI(%)   = NA
--------------------------------------------------
 - RISK MEASURE (mean-CVaR of second-stage cost):
 - alpha:               0.9
 - lambda:              0.5
 - first_stage_cost:    12381000.00
 - expected_Q:          15865197.84
 - VaR (phi*):          32115432.89
 - CVaR_alpha:          34128775.69
 - MCVaR:               24996986.77
--------------------------------------------------
 - First-stage decisions (Here and Now):
   CCP 3    -> X: 1, Staff(V): 24, Amb(U): 10, MedicalSupply(Y): 535.00
   CCP 4    -> X: 1, Staff(V): 19, Amb(U):  9, MedicalSupply(Y): 288.00
   CCP 33   -> X: 1, Staff(V): 24, Amb(U): 10, MedicalSupply(Y): 583.00
   CCP 44   -> X: 1, Staff(V): 20, Amb(U): 10, MedicalSupply(Y): 213.00
   CCP 46   -> X: 1, Staff(V): 19, Amb(U): 10, MedicalSupply(Y): 286.00
--------------------------------------------------
 - B&BC ALGORITHM STATISTICS:
 - solver_status:        TIME_LIMIT
 - multi_cut:            True
 - total_cuts:           12288
 - seed_cuts:            0 (root seed 0/0)
 - seeded_LB:            None
 - root_seed_stop:       disabled (0.00 s)
 - lazy_cuts:            12288
 - user_cuts:            0 (root rounds 0/0)
 - oracle_solves:        12360
 - incumbent_evals:      420
 - callback_time:        2006.01 s
 - master_nodes:         281592
 - wall_time_total:      7209.23 s
==================================================
  -> OK obj=37377986.765942 time=7205.47s gap=73.576723%
