Log file: C:\Users\User\Desktop\救護車派遣\006\logs\bbc ablation\20260815_184252\03_small_SP_plus_MCVaR_BBC_plus_WS.log

[3/72] scale=small model=SP+MCVaR config=BBC+WS
Log file: C:\Users\User\Desktop\救護車派遣\006\logs\MCVAR_BBC_seed42_scen30_used30_period8_sample1p0_D1p0_R1p0_H1p0_tl7200p0_gap0p01_a0p9_l0p5.log
==================================================
RUN METADATA
==================================================
- model_type: MCVAR-BBC (mean-CVaR, multi-cut Branch-and-Benders-Cut)
- scenario_size_used: 30
- time_limit: 7200.0
- mip_gap: 0.01
- risk_alpha: 0.9
- risk_lambda: 0.5
- multi_cut: True
- root_seed_iters: 0
- root_cut_rounds: 0
- use_user_cuts: False
- ev_warm_start: True
- pareto_enabled: False
- master_seed: 42
- num_scenarios_config: 30
- num_periods: 8
- sample_ratio: None
- sampled_disaster_areas: 70
- sampled_ccps: 50
- sampled_hospitals: 18
- demand_multiplier: 1.0
- road_capacity_multiplier: 1.0
- hospital_capacity_multiplier: 1.0
==================================================
==================================================

Optimizing SP+MCVaR Model (alpha=0.9, lambda=0.5) — B&BC engine...

Set parameter WLSAccessID
Set parameter WLSSecret
Set parameter LicenseID to value 2840773
Academic license 2840773 - for non-commercial use only - registered to ss___@gapp.nthu.edu.tw
[B&BC] EV warm start UB: 58735339.13
======================================================================
BRANCH-AND-BENDERS-CUT
Parallel oracle workers: 5
======================================================================
[BBC t=237.1s] UB=58735339.13 LB=2145822.51 gap=96.35%
[BBC t=247.9s] UB=58735339.13 LB=2457397.75 gap=95.82%
[BBC t=258.7s] UB=58735339.13 LB=3614663.58 gap=93.85%
[BBC t=269.9s] UB=58735339.13 LB=5437770.03 gap=90.74%
[BBC t=282.6s] UB=58735339.13 LB=5591194.76 gap=90.48%
[BBC t=295.4s] UB=58735339.13 LB=5591194.76 gap=90.48%
[BBC t=306.5s] UB=58735339.13 LB=5591194.76 gap=90.48%
[BBC t=316.7s] UB=58735339.13 LB=5591194.76 gap=90.48%
[BBC t=354.9s] UB=58735339.13 LB=5591194.76 gap=90.48%
[BBC t=371.3s] UB=58735339.13 LB=5592081.91 gap=90.48%
[BBC t=382.9s] UB=58735339.13 LB=5592081.91 gap=90.48%
[BBC t=394.0s] UB=58735339.13 LB=6542766.26 gap=88.86%
[BBC t=404.9s] UB=58735339.13 LB=6773766.43 gap=88.47%
[BBC t=417.6s] UB=58735339.13 LB=7160369.36 gap=87.81%
[BBC t=428.3s] UB=58735339.13 LB=7349118.18 gap=87.49%
[BBC t=440.2s] UB=58735339.13 LB=7832529.83 gap=86.66%
[BBC t=452.3s] UB=58735339.13 LB=8033571.08 gap=86.32%
[BBC t=463.7s] UB=58735339.13 LB=8116542.52 gap=86.18%
[BBC t=474.1s] UB=58735339.13 LB=8578970.59 gap=85.39%
[BBC t=484.3s] UB=58735339.13 LB=8797054.43 gap=85.02%
[BBC t=497.7s] UB=58735339.13 LB=8958779.10 gap=84.75%
[BBC t=508.2s] UB=58735339.13 LB=8987913.62 gap=84.70%
[BBC t=521.8s] UB=52518732.51 LB=9062094.75 gap=82.75%
[BBC t=532.1s] UB=52518732.51 LB=9106115.07 gap=82.66%
[BBC t=542.5s] UB=52518732.51 LB=9170274.10 gap=82.54%
[BBC t=553.1s] UB=52518732.51 LB=9184926.61 gap=82.51%
[BBC t=565.9s] UB=52518732.51 LB=9238491.16 gap=82.41%
[BBC t=575.9s] UB=52518732.51 LB=9246955.09 gap=82.39%
[BBC t=588.0s] UB=52518732.51 LB=9352306.05 gap=82.19%
[BBC t=601.4s] UB=52518732.51 LB=9368605.58 gap=82.16%
[BBC t=612.8s] UB=52518732.51 LB=9395490.91 gap=82.11%
[BBC t=623.8s] UB=52518732.51 LB=9403171.51 gap=82.10%
[BBC t=640.0s] UB=52518732.51 LB=9427258.28 gap=82.05%
[BBC t=656.0s] UB=52518732.51 LB=9444864.73 gap=82.02%
[BBC t=667.3s] UB=52518732.51 LB=9479799.83 gap=81.95%
[BBC t=678.0s] UB=52518732.51 LB=9481156.32 gap=81.95%
[BBC t=688.6s] UB=52518732.51 LB=9482996.27 gap=81.94%
[BBC t=700.9s] UB=52518732.51 LB=9493842.93 gap=81.92%
[BBC t=714.6s] UB=52518732.51 LB=9521366.87 gap=81.87%
[BBC t=727.4s] UB=50380039.46 LB=9525105.52 gap=81.09%
[BBC t=743.3s] UB=50380039.46 LB=9530068.05 gap=81.08%
[BBC t=758.2s] UB=50380039.46 LB=9531458.89 gap=81.08%
[BBC t=769.8s] UB=50380039.46 LB=9538207.27 gap=81.07%
[BBC t=784.2s] UB=50380039.46 LB=9539623.52 gap=81.06%
[BBC t=797.9s] UB=50380039.46 LB=9543581.59 gap=81.06%
[BBC t=810.7s] UB=50380039.46 LB=9552197.10 gap=81.04%
[BBC t=824.9s] UB=50380039.46 LB=9556134.29 gap=81.03%
[BBC t=835.3s] UB=50380039.46 LB=9560314.00 gap=81.02%
[BBC t=849.3s] UB=50380039.46 LB=9561594.13 gap=81.02%
[BBC t=861.3s] UB=50380039.46 LB=9564402.50 gap=81.02%
[BBC t=873.3s] UB=50380039.46 LB=9566071.50 gap=81.01%
[BBC t=887.9s] UB=50380039.46 LB=9569122.14 gap=81.01%
[BBC t=904.4s] UB=50380039.46 LB=9575082.51 gap=80.99%
[BBC t=915.6s] UB=50380039.46 LB=9575883.20 gap=80.99%
[BBC t=934.5s] UB=50380039.46 LB=9579323.91 gap=80.99%
[BBC t=951.6s] UB=50380039.46 LB=9583180.05 gap=80.98%
[BBC t=962.9s] UB=48847268.98 LB=9587837.42 gap=80.37%
[BBC t=978.9s] UB=48847268.98 LB=9595315.76 gap=80.36%
[BBC t=993.7s] UB=48847268.98 LB=9596538.01 gap=80.35%
[BBC t=1008.7s] UB=44248227.03 LB=9602209.84 gap=78.30%
[BBC t=1024.7s] UB=44248227.03 LB=9604674.03 gap=78.29%
[BBC t=1034.9s] UB=44248227.03 LB=9605735.04 gap=78.29%
[BBC t=1046.9s] UB=44248227.03 LB=9611903.93 gap=78.28%
[BBC t=1057.7s] UB=44248227.03 LB=9614758.11 gap=78.27%
[BBC t=1072.3s] UB=44248227.03 LB=9618865.73 gap=78.26%
[BBC t=1087.9s] UB=44248227.03 LB=9624962.07 gap=78.25%
[BBC t=1106.1s] UB=44248227.03 LB=9631234.15 gap=78.23%
[BBC t=1119.3s] UB=44248227.03 LB=9633585.72 gap=78.23%
[BBC t=1139.2s] UB=44248227.03 LB=9639264.09 gap=78.22%
[BBC t=1154.9s] UB=44248227.03 LB=9639893.24 gap=78.21%
[BBC t=1166.3s] UB=44248227.03 LB=9644276.25 gap=78.20%
[BBC t=1177.5s] UB=44248227.03 LB=9646704.55 gap=78.20%
[BBC t=1188.4s] UB=44248227.03 LB=9646943.61 gap=78.20%
[BBC t=1205.0s] UB=44248227.03 LB=9652950.37 gap=78.18%
[BBC t=1221.3s] UB=44248227.03 LB=9659274.85 gap=78.17%
[BBC t=1234.1s] UB=44248227.03 LB=9661665.42 gap=78.16%
[BBC t=1244.4s] UB=44248227.03 LB=9663198.74 gap=78.16%
[BBC t=1263.4s] UB=44248227.03 LB=9665736.87 gap=78.16%
[BBC t=1277.6s] UB=42472651.20 LB=9672539.33 gap=77.23%
[BBC t=1297.2s] UB=42472651.20 LB=9673413.53 gap=77.22%
[BBC t=1311.8s] UB=42472651.20 LB=9675576.59 gap=77.22%
[BBC t=1329.1s] UB=42472651.20 LB=9680195.89 gap=77.21%
[BBC t=1342.4s] UB=41784609.55 LB=9682123.80 gap=76.83%
[BBC t=1352.7s] UB=41784609.55 LB=9686662.57 gap=76.82%
[BBC t=1363.3s] UB=41784609.55 LB=9693328.39 gap=76.80%
[BBC t=1380.1s] UB=41784609.55 LB=9700126.41 gap=76.79%
[BBC t=1398.4s] UB=41784609.55 LB=9706004.21 gap=76.77%
[BBC t=1408.5s] UB=41784609.55 LB=9707806.55 gap=76.77%
[BBC t=1419.0s] UB=41784609.55 LB=9707986.69 gap=76.77%
[BBC t=1431.5s] UB=41784609.55 LB=9710285.87 gap=76.76%
[BBC t=1450.5s] UB=41784609.55 LB=9711269.44 gap=76.76%
[BBC t=1460.9s] UB=41784609.55 LB=9712395.46 gap=76.76%
[BBC t=1475.0s] UB=41784609.55 LB=9717732.92 gap=76.74%
[BBC t=1494.3s] UB=41784609.55 LB=9723912.26 gap=76.73%
[BBC t=1507.9s] UB=41784609.55 LB=9725490.40 gap=76.72%
[BBC t=1526.9s] UB=41784609.55 LB=9729095.00 gap=76.72%
[BBC t=1544.3s] UB=41784609.55 LB=9733155.69 gap=76.71%
[BBC t=1561.0s] UB=41784609.55 LB=9737627.12 gap=76.70%
[BBC t=1575.1s] UB=41784609.55 LB=9740779.37 gap=76.69%
[BBC t=1586.0s] UB=41784609.55 LB=9746203.88 gap=76.68%
[BBC t=1602.4s] UB=37283154.97 LB=9751182.74 gap=73.85%
[BBC t=1613.5s] UB=37283154.97 LB=9751744.09 gap=73.84%
[BBC t=1628.8s] UB=37283154.97 LB=9759566.30 gap=73.82%
[BBC t=1641.7s] UB=37283154.97 LB=9761251.63 gap=73.82%
[BBC t=1652.6s] UB=37283154.97 LB=9766726.46 gap=73.80%
[BBC t=1668.3s] UB=37283154.97 LB=9768617.99 gap=73.80%
[BBC t=1679.9s] UB=37283154.97 LB=9772129.12 gap=73.79%
[BBC t=1690.5s] UB=37283154.97 LB=9777649.93 gap=73.77%
[BBC t=1702.2s] UB=37283154.97 LB=9777709.16 gap=73.77%
[BBC t=1722.8s] UB=37283154.97 LB=9782281.60 gap=73.76%
[BBC t=1733.9s] UB=37283154.97 LB=9782506.73 gap=73.76%
[BBC t=1750.2s] UB=37283154.97 LB=9791238.88 gap=73.74%
[BBC t=1761.3s] UB=37283154.97 LB=9794649.11 gap=73.73%
[BBC t=1772.9s] UB=37283154.97 LB=9799150.55 gap=73.72%
[BBC t=1783.8s] UB=37283154.97 LB=9802540.74 gap=73.71%
[BBC t=1796.1s] UB=37283154.97 LB=9803926.53 gap=73.70%
[BBC t=1815.6s] UB=37283154.97 LB=9808356.03 gap=73.69%
[BBC t=1835.2s] UB=37283154.97 LB=9810110.83 gap=73.69%
[BBC t=1847.3s] UB=37283154.97 LB=9813592.28 gap=73.68%
[BBC t=1859.9s] UB=37283154.97 LB=9816594.19 gap=73.67%
[BBC t=1880.8s] UB=37283154.97 LB=9816805.78 gap=73.67%
[BBC t=1903.4s] UB=37283154.97 LB=9821202.35 gap=73.66%
[BBC t=1917.3s] UB=37283154.97 LB=9825017.33 gap=73.65%
[BBC t=1929.0s] UB=37283154.97 LB=9826860.93 gap=73.64%
[BBC t=1941.0s] UB=37283154.97 LB=9831408.45 gap=73.63%
[BBC t=1955.2s] UB=37283154.97 LB=9834368.33 gap=73.62%
[BBC t=1972.9s] UB=37283154.97 LB=9839345.57 gap=73.61%
[BBC t=1987.1s] UB=37283154.97 LB=9843655.23 gap=73.60%
[BBC t=1999.4s] UB=37283154.97 LB=9843831.52 gap=73.60%
[BBC t=2011.5s] UB=37283154.97 LB=9846885.81 gap=73.59%
[BBC t=2024.4s] UB=37283154.97 LB=9850954.27 gap=73.58%
[BBC t=2035.2s] UB=37283154.97 LB=9851768.22 gap=73.58%
[BBC t=2046.9s] UB=37283154.97 LB=9852145.11 gap=73.57%
[BBC t=2057.8s] UB=37283154.97 LB=9853403.24 gap=73.57%
[BBC t=2070.4s] UB=37283154.97 LB=9853480.20 gap=73.57%
[BBC t=2092.4s] UB=37283154.97 LB=9854510.87 gap=73.57%
[BBC t=2109.2s] UB=37283154.97 LB=9858755.12 gap=73.56%
[BBC t=2125.6s] UB=37283154.97 LB=9863693.27 gap=73.54%
[BBC t=2139.4s] UB=37283154.97 LB=9864236.94 gap=73.54%
[BBC t=2152.4s] UB=37283154.97 LB=9869160.93 gap=73.53%
[BBC t=2168.8s] UB=37283154.97 LB=9871983.68 gap=73.52%
[BBC t=2181.2s] UB=37283154.97 LB=9874804.71 gap=73.51%
[BBC t=2194.8s] UB=37283154.97 LB=9879580.76 gap=73.50%
[BBC t=2214.1s] UB=37283154.97 LB=9884132.81 gap=73.49%
[BBC t=2228.0s] UB=37283154.97 LB=9887773.93 gap=73.48%
[BBC t=2248.7s] UB=37283154.97 LB=9891466.19 gap=73.47%
[BBC t=2262.8s] UB=37283154.97 LB=9895835.71 gap=73.46%
[BBC t=2284.3s] UB=37283154.97 LB=9899432.04 gap=73.45%
[BBC t=2307.9s] UB=37283154.97 LB=9903668.50 gap=73.44%
[BBC t=2329.6s] UB=37283154.97 LB=9908173.16 gap=73.42%
[BBC t=2351.7s] UB=37283154.97 LB=9912026.18 gap=73.41%
[BBC t=2362.6s] UB=37283154.97 LB=9915993.35 gap=73.40%
[BBC t=2382.8s] UB=37283154.97 LB=9916086.90 gap=73.40%
[BBC t=2397.1s] UB=37283154.97 LB=9919977.19 gap=73.39%
[BBC t=2411.2s] UB=37283154.97 LB=9921276.56 gap=73.39%
[BBC t=2425.1s] UB=37283154.97 LB=9923373.70 gap=73.38%
[BBC t=2436.3s] UB=37283154.97 LB=9925860.15 gap=73.38%
[BBC t=2451.2s] UB=37283154.97 LB=9926893.63 gap=73.37%
[BBC t=2468.1s] UB=37283154.97 LB=9931076.78 gap=73.36%
[BBC t=2481.1s] UB=37283154.97 LB=9933654.22 gap=73.36%
[BBC t=2495.2s] UB=37283154.97 LB=9934254.99 gap=73.35%
[BBC t=2517.3s] UB=37283154.97 LB=9937581.73 gap=73.35%
[BBC t=2537.9s] UB=37283154.97 LB=9942331.18 gap=73.33%
[BBC t=2553.7s] UB=37283154.97 LB=9946386.41 gap=73.32%
[BBC t=2575.0s] UB=37283154.97 LB=9949583.28 gap=73.31%
[BBC t=2595.4s] UB=37283154.97 LB=9953322.33 gap=73.30%
[BBC t=2618.3s] UB=37283154.97 LB=9956266.55 gap=73.30%
[BBC t=2633.0s] UB=37283154.97 LB=9959932.81 gap=73.29%
[BBC t=2648.1s] UB=37283154.97 LB=9963375.62 gap=73.28%
[BBC t=2659.6s] UB=37283154.97 LB=9965257.32 gap=73.27%
[BBC t=2674.8s] UB=37283154.97 LB=9967116.53 gap=73.27%
[BBC t=2700.0s] UB=37283154.97 LB=9971240.38 gap=73.26%
[BBC t=2710.9s] UB=37283154.97 LB=9973361.20 gap=73.25%
[BBC t=2724.8s] UB=37283154.97 LB=9974107.56 gap=73.25%
[BBC t=2739.3s] UB=37283154.97 LB=9980232.79 gap=73.23%
[BBC t=2761.2s] UB=37283154.97 LB=9983591.15 gap=73.22%
[BBC t=2771.7s] UB=37283154.97 LB=9985574.21 gap=73.22%
[BBC t=2787.3s] UB=37283154.97 LB=9986512.47 gap=73.21%
[BBC t=2799.5s] UB=36942376.94 LB=9989526.98 gap=72.96%
[BBC t=2814.7s] UB=36942376.94 LB=9990259.60 gap=72.96%
[BBC t=2830.4s] UB=36942376.94 LB=9993628.77 gap=72.95%
[BBC t=2845.1s] UB=36942376.94 LB=9994101.89 gap=72.95%
[BBC t=2861.1s] UB=36942376.94 LB=9995905.73 gap=72.94%
[BBC t=2876.9s] UB=35912524.58 LB=9996599.63 gap=72.16%
[BBC t=2891.6s] UB=35912524.58 LB=9998826.38 gap=72.16%
[BBC t=2906.6s] UB=35912524.58 LB=10001496.00 gap=72.15%
[BBC t=2921.3s] UB=35912524.58 LB=10004689.41 gap=72.14%
[BBC t=2936.1s] UB=35912524.58 LB=10008263.66 gap=72.13%
[BBC t=2947.1s] UB=35912524.58 LB=10008914.40 gap=72.13%
[BBC t=2962.4s] UB=35912524.58 LB=10011063.19 gap=72.12%
[BBC t=2972.6s] UB=35912524.58 LB=10013813.32 gap=72.12%
[BBC t=2994.7s] UB=35912524.58 LB=10017780.90 gap=72.11%
[BBC t=3011.2s] UB=35912524.58 LB=10020442.80 gap=72.10%
[BBC t=3032.1s] UB=35912524.58 LB=10022511.39 gap=72.09%
[BBC t=3047.8s] UB=35912524.58 LB=10025245.36 gap=72.08%
[BBC t=3063.3s] UB=35912524.58 LB=10025245.36 gap=72.08%
[BBC t=3077.4s] UB=35912524.58 LB=10029913.79 gap=72.07%
[BBC t=3087.7s] UB=35912524.58 LB=10030363.14 gap=72.07%
[BBC t=3102.7s] UB=35912524.58 LB=10032775.49 gap=72.06%
[BBC t=3114.2s] UB=35912524.58 LB=10034365.30 gap=72.06%
[BBC t=3137.8s] UB=35912524.58 LB=10039257.44 gap=72.05%
[BBC t=3151.7s] UB=35912524.58 LB=10039827.55 gap=72.04%
[BBC t=3162.6s] UB=35912524.58 LB=10040055.87 gap=72.04%
[BBC t=3172.8s] UB=35912524.58 LB=10041279.39 gap=72.04%
[BBC t=3186.2s] UB=35912524.58 LB=10041388.09 gap=72.04%
[BBC t=3199.7s] UB=35912524.58 LB=10041564.58 gap=72.04%
[BBC t=3215.2s] UB=35912524.58 LB=10042117.27 gap=72.04%
[BBC t=3237.8s] UB=35912524.58 LB=10045261.85 gap=72.03%
[BBC t=3253.8s] UB=35912524.58 LB=10047766.70 gap=72.02%
[BBC t=3268.7s] UB=35912524.58 LB=10051204.19 gap=72.01%
[BBC t=3279.2s] UB=35912524.58 LB=10051529.39 gap=72.01%
[BBC t=3290.5s] UB=35912524.58 LB=10052778.97 gap=72.01%
[BBC t=3303.1s] UB=35912524.58 LB=10053508.80 gap=72.01%
[BBC t=3318.1s] UB=35912524.58 LB=10054531.18 gap=72.00%
[BBC t=5646.5s] UB=35912524.58 LB=10059274.33 gap=71.99%
[BBC t=5664.2s] UB=35912524.58 LB=10059274.33 gap=71.99%
[BBC t=5676.5s] UB=35912524.58 LB=10059274.33 gap=71.99%
[BBC t=5687.4s] UB=35912524.58 LB=10059274.33 gap=71.99%
[BBC t=5697.4s] UB=35912524.58 LB=10059274.33 gap=71.99%
[BBC t=5712.2s] UB=35912524.58 LB=10059274.33 gap=71.99%
[BBC t=5725.7s] UB=35912524.58 LB=10059274.33 gap=71.99%
[BBC t=5736.2s] UB=35912524.58 LB=10059274.33 gap=71.99%
[BBC t=5750.2s] UB=35912524.58 LB=10059274.33 gap=71.99%
[BBC t=5764.0s] UB=35912524.58 LB=10059274.33 gap=71.99%
[BBC t=5809.3s] UB=35912524.58 LB=10059274.33 gap=71.99%
[BBC t=5832.0s] UB=35912524.58 LB=10059274.33 gap=71.99%
[BBC t=5852.3s] UB=35912524.58 LB=10059274.33 gap=71.99%
[BBC t=5862.5s] UB=35912524.58 LB=10059274.33 gap=71.99%
[BBC t=5876.1s] UB=35912524.58 LB=10059274.33 gap=71.99%
[BBC t=5895.3s] UB=35912524.58 LB=10059274.33 gap=71.99%
[BBC t=5925.0s] UB=35912524.58 LB=10059274.33 gap=71.99%
[BBC t=5939.0s] UB=35912524.58 LB=10059274.33 gap=71.99%
[BBC t=5949.2s] UB=35912524.58 LB=10059274.33 gap=71.99%
[BBC t=5961.3s] UB=35912524.58 LB=10059274.33 gap=71.99%
[BBC t=5973.9s] UB=35912524.58 LB=10059274.33 gap=71.99%
[BBC t=5984.9s] UB=35912524.58 LB=10059274.33 gap=71.99%
[BBC t=6041.0s] UB=35912524.58 LB=10059274.33 gap=71.99%
[BBC t=6102.5s] UB=35912524.58 LB=10059274.33 gap=71.99%
[BBC t=6185.7s] UB=35912524.58 LB=10059274.33 gap=71.99%
[BBC t=6216.0s] UB=35912524.58 LB=10059274.33 gap=71.99%
[BBC t=6272.9s] UB=35912524.58 LB=10059274.33 gap=71.99%
[BBC t=6287.9s] UB=35912524.58 LB=10059274.33 gap=71.99%
[BBC t=6323.2s] UB=35912524.58 LB=10059274.33 gap=71.99%
[BBC t=6339.2s] UB=35912524.58 LB=10059274.33 gap=71.99%
[BBC t=6383.1s] UB=35912524.58 LB=10059274.33 gap=71.99%
[BBC t=6394.9s] UB=35912524.58 LB=10059274.33 gap=71.99%
[BBC t=6417.2s] UB=35912524.58 LB=10059274.33 gap=71.99%
[BBC t=6429.2s] UB=35912524.58 LB=10059274.33 gap=71.99%
[BBC t=6449.7s] UB=35912524.58 LB=10059274.33 gap=71.99%
[BBC t=6464.1s] UB=35912524.58 LB=10059274.33 gap=71.99%
[BBC t=6481.3s] UB=35912524.58 LB=10059274.33 gap=71.99%
[BBC t=6493.4s] UB=35912524.58 LB=10059274.33 gap=71.99%
[BBC t=6509.7s] UB=35912524.58 LB=10059274.33 gap=71.99%
[BBC t=6531.7s] UB=35912524.58 LB=10059274.33 gap=71.99%
[BBC t=6543.7s] UB=35912524.58 LB=10085510.78 gap=71.92%
[BBC t=6560.2s] UB=35912524.58 LB=10085510.78 gap=71.92%
[BBC t=6581.4s] UB=35912524.58 LB=10212156.38 gap=71.56%
[BBC t=6604.0s] UB=35912524.58 LB=10296165.28 gap=71.33%
[BBC t=6629.0s] UB=35912524.58 LB=10394814.67 gap=71.06%
[BBC t=6639.2s] UB=35912524.58 LB=10472048.59 gap=70.84%
[BBC t=6660.0s] UB=35912524.58 LB=10500150.84 gap=70.76%
[BBC t=6673.2s] UB=35912524.58 LB=10541421.77 gap=70.65%
[BBC t=6690.1s] UB=35912524.58 LB=10571739.76 gap=70.56%
[BBC t=6702.0s] UB=35912524.58 LB=10657439.17 gap=70.32%
[BBC t=6723.3s] UB=35912524.58 LB=10695185.49 gap=70.22%
[BBC t=6741.0s] UB=35912524.58 LB=10738101.19 gap=70.10%
[BBC t=6753.4s] UB=35912524.58 LB=10767044.60 gap=70.02%
[BBC t=6773.6s] UB=35912524.58 LB=10786524.61 gap=69.96%
[BBC t=6787.8s] UB=35912524.58 LB=10801097.17 gap=69.92%
[BBC t=6806.4s] UB=35912524.58 LB=10806156.39 gap=69.91%
[BBC t=6832.2s] UB=35912524.58 LB=10832667.07 gap=69.84%
[BBC t=6862.1s] UB=35912524.58 LB=10849690.58 gap=69.79%
[BBC t=6883.8s] UB=35912524.58 LB=10866813.90 gap=69.74%
[BBC t=6904.2s] UB=35912524.58 LB=10879107.38 gap=69.71%
[BBC t=6919.8s] UB=35912524.58 LB=10894200.97 gap=69.66%
[BBC t=6952.9s] UB=35912524.58 LB=10915381.35 gap=69.61%
[BBC t=6963.2s] UB=35912524.58 LB=10916885.66 gap=69.60%
[BBC t=6974.4s] UB=35912524.58 LB=10930744.65 gap=69.56%
[BBC t=6995.9s] UB=35912524.58 LB=10936037.64 gap=69.55%
[BBC t=7019.6s] UB=35912524.58 LB=10949884.76 gap=69.51%
[BBC t=7041.5s] UB=35912524.58 LB=10967237.63 gap=69.46%
[BBC t=7054.1s] UB=35912524.58 LB=10982273.43 gap=69.42%
[BBC t=7080.1s] UB=35912524.58 LB=10988679.82 gap=69.40%
[BBC t=7107.1s] UB=35912524.58 LB=10998542.74 gap=69.37%
[BBC t=7134.1s] UB=35912524.58 LB=11005887.97 gap=69.35%
[BBC t=7155.1s] UB=35912524.58 LB=11017531.34 gap=69.32%
[BBC t=7190.2s] UB=35912524.58 LB=11032035.40 gap=69.28%
[BBC t=7202.4s] UB=35912524.58 LB=11035348.22 gap=69.27%
----------------------------------------------------------------------
B&BC done | status=TIME_LIMIT | LB=11046294.617013332 | UB=35912524.5750487 | gap=69.24110808771134%
cuts_added=10769 user_cuts=0 lazy_cuts=10769 seed_cuts=0 pareto_enabled=False rootSeedIters=0/0 seeded_LB=NA rootSeedStop=disabled rootCutRounds=0/0 parallel_oracles=5 oracle_solves=10800 cache_hits=1 cache_misses=360 root_seed_time=0.00s callback_time=2278.77s

==================================================
SP MODEL (RP) RESULT SUMMARY
 
 - Engine: multi-cut Branch-and-Benders-Cut (MCVaR)
 - Disaster Areas: 70
 - Candidate CCPs: 50
 - Hospitals: 18
 - Scenarios: 30
 - Time Period: 8
 - Objective Value:     35912524.58
 - CPU Time:            7207.26 s
 - num_vars:            1111
 - num_constrs:         200
 - Nodes:               264295
 - Iteration:           5717981 (Simplex iterations)
 - Best UB (Objective): 35912524.58
 - Best LB (Bound):     11046294.62
 - Final Gap:           69.2411%
 - VSS(%)    = NA
 - EVPI(%)   = NA
--------------------------------------------------
 - RISK MEASURE (mean-CVaR of second-stage cost):
 - alpha:               0.9
 - lambda:              0.5
 - first_stage_cost:    12489400.00
 - expected_Q:          14613452.28
 - VaR (phi*):          30119707.94
 - CVaR_alpha:          32232796.87
 - MCVaR:               23423124.58
--------------------------------------------------
 - First-stage decisions (Here and Now):
   CCP 1    -> X: 1, Staff(V): 20, Amb(U): 10, MedicalSupply(Y): 336.00
   CCP 9    -> X: 1, Staff(V): 17, Amb(U): 10, MedicalSupply(Y): 306.00
   CCP 11   -> X: 1, Staff(V): 31, Amb(U): 10, MedicalSupply(Y): 582.00
   CCP 28   -> X: 1, Staff(V): 12, Amb(U): 10, MedicalSupply(Y): 252.00
   CCP 39   -> X: 1, Staff(V): 22, Amb(U): 10, MedicalSupply(Y): 507.00
--------------------------------------------------
 - B&BC ALGORITHM STATISTICS:
 - solver_status:        TIME_LIMIT
 - multi_cut:            True
 - total_cuts:           10769
 - seed_cuts:            0 (root seed 0/0)
 - seeded_LB:            None
 - root_seed_stop:       disabled (0.00 s)
 - lazy_cuts:            10769
 - user_cuts:            0 (root rounds 0/0)
 - oracle_solves:        10800
 - incumbent_evals:      360
 - callback_time:        2278.77 s
 - master_nodes:         264295
 - wall_time_total:      7210.98 s
==================================================
  -> OK obj=35912524.575049 time=7207.26s gap=69.241108%
