Log file: C:\Users\User\Desktop\救護車派遣\006\logs\bbc ablation\20260815_184252\06_small_SP_plus_MCVaR_BBC_plus_WS_plus_RS_plus_UC_plus_Pareto.log

[6/72] scale=small model=SP+MCVaR config=BBC+WS+RS+UC+Pareto
Log file: C:\Users\User\Desktop\救護車派遣\006\logs\MCVAR_BBC_seed42_scen30_used30_period8_sample1p0_D1p0_R1p0_H1p0_tl7200p0_gap0p01_a0p9_l0p5.log
==================================================
RUN METADATA
==================================================
- model_type: MCVAR-BBC (mean-CVaR, multi-cut Branch-and-Benders-Cut)
- scenario_size_used: 30
- time_limit: 7200.0
- mip_gap: 0.01
- risk_alpha: 0.9
- risk_lambda: 0.5
- multi_cut: True
- root_seed_iters: 300
- root_cut_rounds: 15
- use_user_cuts: True
- ev_warm_start: True
- pareto_enabled: True
- master_seed: 42
- num_scenarios_config: 30
- num_periods: 8
- sample_ratio: None
- sampled_disaster_areas: 70
- sampled_ccps: 50
- sampled_hospitals: 18
- demand_multiplier: 1.0
- road_capacity_multiplier: 1.0
- hospital_capacity_multiplier: 1.0
==================================================
==================================================

Optimizing SP+MCVaR Model (alpha=0.9, lambda=0.5) — B&BC engine...

Set parameter WLSAccessID
Set parameter WLSSecret
Set parameter LicenseID to value 2840773
Academic license 2840773 - for non-commercial use only - registered to ss___@gapp.nthu.edu.tw
[B&BC] EV warm start UB: 58735339.13
======================================================================
B&BC ROOT SEEDING (Papadakos dual-track, max 300 LP iterations, stop after 10 rounds with LB improvement < 0.0500%)
======================================================================
[root seed 1] LB=0.00 cuts=60 total_seed_cuts=60
[root seed 2] LB=9044151.20 cuts=60 total_seed_cuts=120
[root seed 3] LB=9061875.73 cuts=60 total_seed_cuts=180
[root seed 4] LB=9064592.08 cuts=60 total_seed_cuts=240
[root seed 5] LB=9072530.39 cuts=60 total_seed_cuts=300
[root seed 6] LB=9076142.08 cuts=60 total_seed_cuts=360
[root seed 7] LB=9077965.21 cuts=60 total_seed_cuts=420
[root seed 8] LB=9081872.34 cuts=60 total_seed_cuts=480
[root seed 9] LB=9085123.41 cuts=60 total_seed_cuts=540
[root seed 10] LB=9087420.21 cuts=60 total_seed_cuts=600
[root seed 11] LB=10161820.18 cuts=60 total_seed_cuts=660
[root seed 12] LB=10755070.97 cuts=60 total_seed_cuts=720
[root seed 13] LB=10812866.48 cuts=60 total_seed_cuts=780
[root seed 14] LB=10857138.54 cuts=60 total_seed_cuts=840
[root seed 15] LB=11161649.79 cuts=60 total_seed_cuts=900
[root seed 16] LB=11261360.85 cuts=60 total_seed_cuts=960
[root seed 17] LB=11312209.38 cuts=60 total_seed_cuts=1020
[root seed 18] LB=11387923.08 cuts=60 total_seed_cuts=1080
[root seed 19] LB=11397805.61 cuts=60 total_seed_cuts=1140
[root seed 20] LB=11409719.34 cuts=60 total_seed_cuts=1200
[root seed 21] LB=11417746.33 cuts=60 total_seed_cuts=1260
[root seed 22] LB=11427910.44 cuts=60 total_seed_cuts=1320
[root seed 23] LB=11443475.06 cuts=60 total_seed_cuts=1380
[root seed 24] LB=11490637.12 cuts=60 total_seed_cuts=1440
[root seed 25] LB=11524700.59 cuts=60 total_seed_cuts=1500
[root seed 26] LB=11562455.53 cuts=60 total_seed_cuts=1560
[root seed 27] LB=11578462.71 cuts=60 total_seed_cuts=1620
[root seed 28] LB=11592884.82 cuts=60 total_seed_cuts=1680
[root seed 29] LB=11599700.62 cuts=60 total_seed_cuts=1740
[root seed 30] LB=11602161.94 cuts=60 total_seed_cuts=1800
[root seed 31] LB=11610595.97 cuts=60 total_seed_cuts=1860
[root seed 32] LB=11614479.36 cuts=60 total_seed_cuts=1920
[root seed 33] LB=11616590.37 cuts=60 total_seed_cuts=1980
[root seed 34] LB=11621785.40 cuts=60 total_seed_cuts=2040
[root seed 35] LB=11623674.80 cuts=60 total_seed_cuts=2100
[root seed 36] LB=11628739.83 cuts=60 total_seed_cuts=2160
[root seed 37] LB=11633601.97 cuts=60 total_seed_cuts=2220
[root seed 38] LB=11643044.72 cuts=60 total_seed_cuts=2280
[root seed 39] LB=11667353.90 cuts=60 total_seed_cuts=2340
[root seed 40] LB=11679019.79 cuts=60 total_seed_cuts=2400
[root seed 41] LB=11686506.85 cuts=60 total_seed_cuts=2460
[root seed 42] LB=11689117.27 cuts=60 total_seed_cuts=2520
[root seed 43] LB=11693657.95 cuts=60 total_seed_cuts=2580
[root seed 44] LB=11696324.55 cuts=60 total_seed_cuts=2640
[root seed 45] LB=11698801.33 cuts=60 total_seed_cuts=2700
[root seed 46] LB=11701178.27 cuts=60 total_seed_cuts=2760
[root seed 47] LB=11709577.55 cuts=60 total_seed_cuts=2820
[root seed 48] LB=11714171.42 cuts=60 total_seed_cuts=2880
[root seed 49] LB=11717172.14 cuts=60 total_seed_cuts=2940
[root seed 50] LB=11722168.89 cuts=60 total_seed_cuts=3000
[root seed 51] LB=11729449.60 cuts=60 total_seed_cuts=3060
[root seed 52] LB=11732703.97 cuts=60 total_seed_cuts=3120
[root seed 53] LB=11736009.32 cuts=60 total_seed_cuts=3180
[root seed 54] LB=11738468.80 cuts=60 total_seed_cuts=3240
[root seed 55] LB=11740753.98 cuts=60 total_seed_cuts=3300
[root seed 56] LB=11743944.72 cuts=60 total_seed_cuts=3360
[root seed 57] LB=11748684.93 cuts=60 total_seed_cuts=3420
[root seed 58] LB=11752203.84 cuts=60 total_seed_cuts=3480
[root seed 59] LB=11756165.81 cuts=60 total_seed_cuts=3540
[root seed 60] LB=11762550.01 cuts=60 total_seed_cuts=3600
[root seed 61] LB=11765779.79 cuts=60 total_seed_cuts=3660
[root seed 62] LB=11769909.45 cuts=60 total_seed_cuts=3720
[root seed 63] LB=11771854.41 cuts=60 total_seed_cuts=3780
[root seed 64] LB=11775313.68 cuts=60 total_seed_cuts=3840
[root seed 65] LB=11777931.64 cuts=60 total_seed_cuts=3900
[root seed 66] LB=11780749.45 cuts=60 total_seed_cuts=3960
[root seed 67] LB=11783608.15 cuts=60 total_seed_cuts=4020
[root seed 68] LB=11785650.03 cuts=60 total_seed_cuts=4080
[root seed 69] LB=11788731.53 cuts=60 total_seed_cuts=4140
[root seed stop] seeded_LB=11793084.15 prev_LB=11788731.53 rel_improve=0.0369% stall_rounds=10/10
[root seed done] seeded_LB=11793084.15 reason=lb_rel_improve_below_0.000500_for_10_rounds iters=69/300 seed_cuts=4140 time=230.32s
======================================================================
BRANCH-AND-BENDERS-CUT
LP root seeding: 69/300 rounds
Root user cuts enabled: rootCutRounds=15
Parallel oracle workers: 5
======================================================================
[BBC t=441.4s] UB=58735339.13 LB=11793084.15 gap=79.92%
[BBC t=452.4s] UB=58735339.13 LB=11797999.25 gap=79.91%
[BBC t=464.5s] UB=58735339.13 LB=11809054.67 gap=79.89%
[BBC t=476.1s] UB=58735339.13 LB=11832149.00 gap=79.86%
[BBC t=486.5s] UB=58735339.13 LB=11845838.73 gap=79.83%
[BBC t=496.7s] UB=58735339.13 LB=11855305.03 gap=79.82%
[BBC t=509.8s] UB=58735339.13 LB=11866758.83 gap=79.80%
[BBC t=531.9s] UB=58735339.13 LB=11871649.72 gap=79.79%
[BBC t=545.6s] UB=58735339.13 LB=11871649.72 gap=79.79%
[BBC t=562.0s] UB=45096395.89 LB=11871736.38 gap=73.67%
[BBC t=572.6s] UB=45096395.89 LB=11871736.38 gap=73.67%
[BBC t=582.8s] UB=45096395.89 LB=11875745.38 gap=73.67%
[BBC t=594.7s] UB=45096395.89 LB=11885354.91 gap=73.64%
[BBC t=619.3s] UB=45096395.89 LB=11886631.42 gap=73.64%
[BBC t=631.4s] UB=45096395.89 LB=11886838.76 gap=73.64%
[BBC t=656.1s] UB=45096395.89 LB=11892718.87 gap=73.63%
[BBC t=667.9s] UB=45096395.89 LB=11892865.96 gap=73.63%
[BBC t=684.2s] UB=45096395.89 LB=11894168.00 gap=73.63%
[BBC t=694.3s] UB=45096395.89 LB=11899699.52 gap=73.61%
[BBC t=704.9s] UB=45096395.89 LB=11901057.00 gap=73.61%
[BBC t=716.1s] UB=45096395.89 LB=11905615.74 gap=73.60%
[BBC t=727.2s] UB=45096395.89 LB=11910615.62 gap=73.59%
[BBC t=738.1s] UB=45096395.89 LB=11910691.49 gap=73.59%
[BBC t=749.2s] UB=45096395.89 LB=11911584.26 gap=73.59%
[BBC t=759.2s] UB=45096395.89 LB=11912648.15 gap=73.58%
[BBC t=769.2s] UB=45096395.89 LB=11915249.59 gap=73.58%
[BBC t=780.8s] UB=45096395.89 LB=11917380.42 gap=73.57%
[BBC t=792.0s] UB=45096395.89 LB=11917380.42 gap=73.57%
[BBC t=857.8s] UB=45096395.89 LB=11917380.42 gap=73.57%
[BBC t=869.2s] UB=45096395.89 LB=11917380.42 gap=73.57%
[BBC t=879.9s] UB=45096395.89 LB=11917380.42 gap=73.57%
[BBC t=894.7s] UB=45096395.89 LB=11917380.42 gap=73.57%
[BBC t=908.5s] UB=45096395.89 LB=11917380.42 gap=73.57%
[BBC t=918.7s] UB=45096395.89 LB=11917380.42 gap=73.57%
[BBC t=929.6s] UB=45096395.89 LB=11917380.42 gap=73.57%
[BBC t=940.8s] UB=45096395.89 LB=11917380.42 gap=73.57%
[BBC t=951.3s] UB=45096395.89 LB=11917380.42 gap=73.57%
[BBC t=972.5s] UB=45096395.89 LB=11917380.42 gap=73.57%
[BBC t=983.1s] UB=45096395.89 LB=11917380.42 gap=73.57%
[BBC t=993.2s] UB=45096395.89 LB=11917380.42 gap=73.57%
[BBC t=1006.3s] UB=45096395.89 LB=11917380.42 gap=73.57%
[BBC t=1026.2s] UB=45096395.89 LB=11917380.42 gap=73.57%
[BBC t=1050.8s] UB=45096395.89 LB=11917380.42 gap=73.57%
[BBC t=1061.6s] UB=45096395.89 LB=11929735.83 gap=73.55%
[BBC t=1117.9s] UB=45096395.89 LB=11949539.19 gap=73.50%
[BBC t=1148.7s] UB=45096395.89 LB=11964161.71 gap=73.47%
[BBC t=1174.5s] UB=45096395.89 LB=11964341.91 gap=73.47%
[BBC t=1204.5s] UB=45096395.89 LB=11971072.30 gap=73.45%
[BBC t=1216.3s] UB=45096395.89 LB=11976801.96 gap=73.44%
[BBC t=1227.8s] UB=45096395.89 LB=11982669.77 gap=73.43%
[BBC t=1268.3s] UB=45096395.89 LB=11993521.75 gap=73.40%
[BBC t=1285.1s] UB=45096395.89 LB=11998511.17 gap=73.39%
[BBC t=1324.6s] UB=45096395.89 LB=11999158.86 gap=73.39%
[BBC t=1339.8s] UB=45096395.89 LB=12009539.39 gap=73.37%
[BBC t=1369.5s] UB=45096395.89 LB=12053286.65 gap=73.27%
[BBC t=1389.0s] UB=45096395.89 LB=12055499.50 gap=73.27%
[BBC t=1438.9s] UB=45096395.89 LB=12056197.79 gap=73.27%
[BBC t=1451.3s] UB=45096395.89 LB=12066208.56 gap=73.24%
[BBC t=1482.0s] UB=45096395.89 LB=12066227.96 gap=73.24%
[BBC t=1493.4s] UB=45096395.89 LB=12072366.62 gap=73.23%
[BBC t=1556.2s] UB=45096395.89 LB=12077516.89 gap=73.22%
[BBC t=1582.4s] UB=45096395.89 LB=12079211.69 gap=73.21%
[BBC t=1592.5s] UB=45096395.89 LB=12100923.33 gap=73.17%
[BBC t=1608.2s] UB=45096395.89 LB=12107152.63 gap=73.15%
[BBC t=1619.4s] UB=45096395.89 LB=12109120.49 gap=73.15%
[BBC t=1669.3s] UB=45096395.89 LB=12110543.56 gap=73.15%
[BBC t=1702.4s] UB=45096395.89 LB=12117384.11 gap=73.13%
[BBC t=1713.3s] UB=45096395.89 LB=12120700.71 gap=73.12%
[BBC t=1725.7s] UB=45096395.89 LB=12139870.86 gap=73.08%
[BBC t=1737.3s] UB=45096395.89 LB=12156900.13 gap=73.04%
[BBC t=1747.5s] UB=45096395.89 LB=12161938.54 gap=73.03%
[BBC t=1759.2s] UB=45096395.89 LB=12169688.19 gap=73.01%
[BBC t=1771.3s] UB=45096395.89 LB=12174589.72 gap=73.00%
[BBC t=1781.5s] UB=45096395.89 LB=12176612.16 gap=73.00%
[BBC t=1791.8s] UB=45096395.89 LB=12177220.93 gap=73.00%
[BBC t=1804.4s] UB=45096395.89 LB=12178660.89 gap=72.99%
[BBC t=1814.7s] UB=45096395.89 LB=12180061.33 gap=72.99%
[BBC t=1825.9s] UB=45096395.89 LB=12181084.20 gap=72.99%
[BBC t=1837.0s] UB=40686066.80 LB=12182339.59 gap=70.06%
[BBC t=1849.4s] UB=40686066.80 LB=12186639.69 gap=70.05%
[BBC t=1860.8s] UB=40686066.80 LB=12191225.68 gap=70.04%
[BBC t=1871.9s] UB=40686066.80 LB=12194551.76 gap=70.03%
[BBC t=1884.3s] UB=40686066.80 LB=12201383.98 gap=70.01%
[BBC t=1896.4s] UB=40686066.80 LB=12216674.29 gap=69.97%
[BBC t=1907.6s] UB=40686066.80 LB=12218919.98 gap=69.97%
[BBC t=1921.6s] UB=40686066.80 LB=12224467.17 gap=69.95%
[BBC t=1935.1s] UB=40686066.80 LB=12225703.59 gap=69.95%
[BBC t=1949.3s] UB=40686066.80 LB=12229761.88 gap=69.94%
[BBC t=1960.3s] UB=40686066.80 LB=12235299.68 gap=69.93%
[BBC t=1972.5s] UB=40644463.11 LB=12242732.12 gap=69.88%
[BBC t=1985.0s] UB=40644463.11 LB=12243446.98 gap=69.88%
[BBC t=1996.9s] UB=40644463.11 LB=12246476.83 gap=69.87%
[BBC t=2007.9s] UB=40644463.11 LB=12249843.83 gap=69.86%
[BBC t=2021.2s] UB=40644463.11 LB=12250423.78 gap=69.86%
[BBC t=2033.0s] UB=40644463.11 LB=12256114.01 gap=69.85%
[BBC t=2045.1s] UB=40644463.11 LB=12256917.85 gap=69.84%
[BBC t=2059.5s] UB=40644463.11 LB=12259153.54 gap=69.84%
[BBC t=2070.0s] UB=40644463.11 LB=12261895.44 gap=69.83%
[BBC t=2082.5s] UB=40644463.11 LB=12269491.23 gap=69.81%
[BBC t=2093.5s] UB=38448486.92 LB=12273868.03 gap=68.08%
[BBC t=2107.2s] UB=38448486.92 LB=12280946.66 gap=68.06%
[BBC t=2117.3s] UB=38448486.92 LB=12283508.67 gap=68.05%
[BBC t=2130.5s] UB=37333407.15 LB=12286824.92 gap=67.09%
[BBC t=2147.5s] UB=37333407.15 LB=12291640.34 gap=67.08%
[BBC t=2158.9s] UB=37333407.15 LB=12292222.55 gap=67.07%
[BBC t=2172.1s] UB=37333407.15 LB=12296955.37 gap=67.06%
[BBC t=2182.7s] UB=37333407.15 LB=12298143.26 gap=67.06%
[BBC t=2194.2s] UB=37333407.15 LB=12299906.29 gap=67.05%
[BBC t=2204.3s] UB=37333407.15 LB=12301960.83 gap=67.05%
[BBC t=2215.6s] UB=37333407.15 LB=12303324.89 gap=67.04%
[BBC t=2227.0s] UB=37333407.15 LB=12303586.55 gap=67.04%
[BBC t=2240.1s] UB=37333407.15 LB=12307302.48 gap=67.03%
[BBC t=2259.8s] UB=37333407.15 LB=12312559.19 gap=67.02%
[BBC t=2273.5s] UB=37333407.15 LB=12313509.82 gap=67.02%
[BBC t=2284.2s] UB=37333407.15 LB=12315563.27 gap=67.01%
[BBC t=2298.7s] UB=37333407.15 LB=12315673.44 gap=67.01%
[BBC t=2310.8s] UB=37333407.15 LB=12316250.80 gap=67.01%
[BBC t=2322.9s] UB=37129338.08 LB=12316542.98 gap=66.83%
[BBC t=2335.9s] UB=37129338.08 LB=12318613.97 gap=66.82%
[BBC t=2348.0s] UB=37129338.08 LB=12321255.43 gap=66.82%
[BBC t=2361.3s] UB=37129338.08 LB=12322359.00 gap=66.81%
[BBC t=2377.0s] UB=37129338.08 LB=12323723.83 gap=66.81%
[BBC t=2392.4s] UB=37129338.08 LB=12326157.33 gap=66.80%
[BBC t=2407.7s] UB=37129338.08 LB=12327277.33 gap=66.80%
[BBC t=2420.8s] UB=37129338.08 LB=12329269.63 gap=66.79%
[BBC t=2435.4s] UB=37129338.08 LB=12330217.22 gap=66.79%
[BBC t=2445.7s] UB=37129338.08 LB=12333372.10 gap=66.78%
[BBC t=2462.8s] UB=37129338.08 LB=12335853.53 gap=66.78%
[BBC t=2474.4s] UB=36167622.85 LB=12337207.11 gap=65.89%
[BBC t=2494.2s] UB=36167622.85 LB=12339217.30 gap=65.88%
[BBC t=2504.3s] UB=36167622.85 LB=12342462.87 gap=65.87%
[BBC t=2518.8s] UB=36167622.85 LB=12344781.20 gap=65.87%
[BBC t=2532.7s] UB=36167622.85 LB=12345702.49 gap=65.87%
[BBC t=2544.9s] UB=36167622.85 LB=12348185.05 gap=65.86%
[BBC t=2555.7s] UB=36167622.85 LB=12348303.07 gap=65.86%
[BBC t=2567.3s] UB=36167622.85 LB=12348455.27 gap=65.86%
[BBC t=2578.8s] UB=36167622.85 LB=12351414.32 gap=65.85%
[BBC t=2589.9s] UB=36167622.85 LB=12353512.08 gap=65.84%
[BBC t=2607.3s] UB=36167622.85 LB=12353813.52 gap=65.84%
[BBC t=2617.7s] UB=36167622.85 LB=12354895.77 gap=65.84%
[BBC t=2629.4s] UB=36167622.85 LB=12356369.02 gap=65.84%
[BBC t=2644.1s] UB=34150658.38 LB=12357676.48 gap=63.81%
[BBC t=2662.0s] UB=34150658.38 LB=12358698.43 gap=63.81%
[BBC t=2674.8s] UB=34150658.38 LB=12358726.85 gap=63.81%
[BBC t=2687.6s] UB=34150658.38 LB=12359219.17 gap=63.81%
[BBC t=2698.0s] UB=34150658.38 LB=12361421.43 gap=63.80%
[BBC t=2714.3s] UB=34150658.38 LB=12362058.84 gap=63.80%
[BBC t=2734.3s] UB=34150658.38 LB=12363014.27 gap=63.80%
[BBC t=2746.2s] UB=34150658.38 LB=12364601.47 gap=63.79%
[BBC t=2764.7s] UB=30177265.21 LB=12367904.66 gap=59.02%
[BBC t=2777.7s] UB=30177265.21 LB=12369127.16 gap=59.01%
[BBC t=2793.8s] UB=30177265.21 LB=12371601.45 gap=59.00%
[BBC t=2804.7s] UB=30177265.21 LB=12372652.51 gap=59.00%
[BBC t=2821.1s] UB=30177265.21 LB=12373179.02 gap=59.00%
[BBC t=2834.8s] UB=30177265.21 LB=12373179.02 gap=59.00%
[BBC t=2850.3s] UB=30177265.21 LB=12378074.28 gap=58.98%
[BBC t=2880.1s] UB=30177265.21 LB=12379055.24 gap=58.98%
[BBC t=2895.7s] UB=30177265.21 LB=12379412.15 gap=58.98%
[BBC t=2912.9s] UB=30177265.21 LB=12380434.37 gap=58.97%
[BBC t=2923.2s] UB=30177265.21 LB=12381349.16 gap=58.97%
[BBC t=2941.5s] UB=30177265.21 LB=12382034.53 gap=58.97%
[BBC t=2955.4s] UB=30177265.21 LB=12384062.96 gap=58.96%
[BBC t=2985.4s] UB=30177265.21 LB=12386120.33 gap=58.96%
[BBC t=2997.9s] UB=30177265.21 LB=12386443.96 gap=58.95%
[BBC t=3008.9s] UB=30177265.21 LB=12387025.28 gap=58.95%
[BBC t=3021.0s] UB=30177265.21 LB=12387025.28 gap=58.95%
[BBC t=3034.2s] UB=30177265.21 LB=12387468.37 gap=58.95%
[BBC t=3044.4s] UB=30177265.21 LB=12388161.07 gap=58.95%
[BBC t=3060.1s] UB=30177265.21 LB=12388349.65 gap=58.95%
[BBC t=3076.4s] UB=30177265.21 LB=12388757.92 gap=58.95%
[BBC t=3087.4s] UB=27958444.37 LB=12388838.77 gap=55.69%
[BBC t=3110.1s] UB=27958444.37 LB=12388838.77 gap=55.69%
[BBC t=3129.0s] UB=27958444.37 LB=12389041.94 gap=55.69%
[BBC t=3144.6s] UB=27958444.37 LB=12389424.15 gap=55.69%
[BBC t=3158.2s] UB=27958444.37 LB=12391463.14 gap=55.68%
[BBC t=3176.8s] UB=27958444.37 LB=12391616.70 gap=55.68%
[BBC t=3193.3s] UB=27958444.37 LB=12391965.33 gap=55.68%
[BBC t=3216.4s] UB=27958444.37 LB=12392769.41 gap=55.67%
[BBC t=3231.4s] UB=27958444.37 LB=12393222.26 gap=55.67%
[BBC t=3248.1s] UB=27958444.37 LB=12394437.43 gap=55.67%
[BBC t=3258.4s] UB=27958444.37 LB=12395814.76 gap=55.66%
[BBC t=3291.0s] UB=27958444.37 LB=12396159.41 gap=55.66%
[BBC t=3302.6s] UB=27958444.37 LB=12397312.40 gap=55.66%
[BBC t=3318.6s] UB=27958444.37 LB=12398493.23 gap=55.65%
[BBC t=3336.0s] UB=27958444.37 LB=12399421.59 gap=55.65%
[BBC t=3354.1s] UB=27958444.37 LB=12399763.39 gap=55.65%
[BBC t=3379.7s] UB=27958444.37 LB=12399763.39 gap=55.65%
[BBC t=3391.8s] UB=27958444.37 LB=12400228.24 gap=55.65%
[BBC t=3403.2s] UB=27958444.37 LB=12401440.63 gap=55.64%
[BBC t=3418.1s] UB=27958444.37 LB=12403056.79 gap=55.64%
[BBC t=3433.3s] UB=27958444.37 LB=12403377.49 gap=55.64%
[BBC t=3455.2s] UB=27958444.37 LB=12403626.85 gap=55.64%
[BBC t=3469.5s] UB=27958444.37 LB=12403662.29 gap=55.64%
[BBC t=3497.4s] UB=27958444.37 LB=12403662.29 gap=55.64%
[BBC t=3510.2s] UB=27958444.37 LB=12406714.70 gap=55.62%
[BBC t=3520.7s] UB=27958444.37 LB=12406714.70 gap=55.62%
[BBC t=3536.5s] UB=27958444.37 LB=12407260.54 gap=55.62%
[BBC t=3559.8s] UB=27958444.37 LB=12407872.59 gap=55.62%
[BBC t=3588.0s] UB=27958444.37 LB=12407872.59 gap=55.62%
[BBC t=3604.8s] UB=27958444.37 LB=12408998.64 gap=55.62%
[BBC t=3622.7s] UB=27958444.37 LB=12409830.85 gap=55.61%
[BBC t=3638.9s] UB=27958444.37 LB=12410878.05 gap=55.61%
[BBC t=3655.0s] UB=27958444.37 LB=12411857.75 gap=55.61%
[BBC t=3691.5s] UB=27958444.37 LB=12414260.99 gap=55.60%
[BBC t=3702.8s] UB=27958444.37 LB=12415398.54 gap=55.59%
[BBC t=3718.9s] UB=27958444.37 LB=12416157.37 gap=55.59%
[BBC t=3738.8s] UB=27958444.37 LB=12416248.50 gap=55.59%
[BBC t=3757.4s] UB=27958444.37 LB=12416463.24 gap=55.59%
[BBC t=3795.9s] UB=27958444.37 LB=12418099.59 gap=55.58%
[BBC t=3813.3s] UB=27958444.37 LB=12421058.91 gap=55.57%
[BBC t=3825.6s] UB=27958444.37 LB=12422333.06 gap=55.57%
[BBC t=3854.6s] UB=27958444.37 LB=12422333.06 gap=55.57%
[BBC t=3865.3s] UB=27958444.37 LB=12422754.66 gap=55.57%
[BBC t=3878.3s] UB=27958444.37 LB=12423148.45 gap=55.57%
[BBC t=3891.2s] UB=27958444.37 LB=12423962.86 gap=55.56%
[BBC t=3907.3s] UB=27958444.37 LB=12425074.73 gap=55.56%
[BBC t=3955.2s] UB=27958444.37 LB=12425820.95 gap=55.56%
[BBC t=3972.7s] UB=27958444.37 LB=12426138.36 gap=55.55%
[BBC t=3988.4s] UB=27799431.14 LB=12426493.34 gap=55.30%
[BBC t=4002.1s] UB=27799431.14 LB=12427662.48 gap=55.30%
[BBC t=4034.6s] UB=27799431.14 LB=12428452.47 gap=55.29%
[BBC t=4049.8s] UB=27799431.14 LB=12429192.06 gap=55.29%
[BBC t=4064.4s] UB=27799431.14 LB=12430655.12 gap=55.28%
[BBC t=4082.5s] UB=27799431.14 LB=12432442.31 gap=55.28%
[BBC t=4123.2s] UB=27799431.14 LB=12433517.22 gap=55.27%
[BBC t=4139.0s] UB=27799431.14 LB=12435639.05 gap=55.27%
[BBC t=4151.2s] UB=27799431.14 LB=12437123.62 gap=55.26%
[BBC t=4162.4s] UB=27799431.14 LB=12437143.63 gap=55.26%
[BBC t=4184.7s] UB=27799431.14 LB=12437340.77 gap=55.26%
[BBC t=4197.6s] UB=27799431.14 LB=12437926.53 gap=55.26%
[BBC t=4239.4s] UB=27799431.14 LB=12438742.16 gap=55.26%
[BBC t=4257.2s] UB=27799431.14 LB=12438892.13 gap=55.25%
[BBC t=4267.3s] UB=27799431.14 LB=12439772.25 gap=55.25%
[BBC t=4277.6s] UB=27799431.14 LB=12440193.73 gap=55.25%
[BBC t=4293.5s] UB=27799431.14 LB=12440471.64 gap=55.25%
[BBC t=4315.4s] UB=27799431.14 LB=12441344.39 gap=55.25%
[BBC t=4348.4s] UB=27799431.14 LB=12441745.68 gap=55.24%
[BBC t=4359.4s] UB=27799431.14 LB=12443025.62 gap=55.24%
[BBC t=4399.5s] UB=27799431.14 LB=12448226.86 gap=55.22%
[BBC t=4412.3s] UB=27799431.14 LB=12449832.23 gap=55.22%
[BBC t=4429.4s] UB=27799431.14 LB=12450267.77 gap=55.21%
[BBC t=4447.0s] UB=27799431.14 LB=12452475.70 gap=55.21%
[BBC t=4482.1s] UB=27799431.14 LB=12452475.70 gap=55.21%
[BBC t=4492.2s] UB=27799431.14 LB=12452756.71 gap=55.20%
[BBC t=4506.6s] UB=27799431.14 LB=12453131.45 gap=55.20%
[BBC t=4524.8s] UB=27799431.14 LB=12453214.68 gap=55.20%
[BBC t=4543.7s] UB=27799431.14 LB=12456005.24 gap=55.19%
[BBC t=4566.2s] UB=27799431.14 LB=12456741.71 gap=55.19%
[BBC t=4598.8s] UB=27799431.14 LB=12456741.71 gap=55.19%
[BBC t=4609.5s] UB=27799431.14 LB=12456883.08 gap=55.19%
[BBC t=4629.5s] UB=27799431.14 LB=12457918.87 gap=55.19%
[BBC t=4642.3s] UB=27799431.14 LB=12459259.28 gap=55.18%
[BBC t=4658.3s] UB=27799431.14 LB=12459587.55 gap=55.18%
[BBC t=4670.0s] UB=27799431.14 LB=12459687.98 gap=55.18%
[BBC t=4704.9s] UB=27799431.14 LB=12460007.56 gap=55.18%
[BBC t=4715.5s] UB=27799431.14 LB=12460575.76 gap=55.18%
[BBC t=4732.0s] UB=27799431.14 LB=12461866.99 gap=55.17%
[BBC t=4742.3s] UB=27799431.14 LB=12461940.86 gap=55.17%
[BBC t=4760.6s] UB=27799431.14 LB=12462049.88 gap=55.17%
[BBC t=4802.3s] UB=27799431.14 LB=12462841.65 gap=55.17%
[BBC t=4814.1s] UB=27799431.14 LB=12463223.39 gap=55.17%
[BBC t=4832.1s] UB=27799431.14 LB=12463825.39 gap=55.17%
[BBC t=4854.2s] UB=27799431.14 LB=12465001.99 gap=55.16%
[BBC t=4877.1s] UB=27799431.14 LB=12465423.68 gap=55.16%
[BBC t=4916.8s] UB=27799431.14 LB=12465423.68 gap=55.16%
[BBC t=4937.4s] UB=27799431.14 LB=12467456.29 gap=55.15%
[BBC t=4950.7s] UB=27799431.14 LB=12468325.95 gap=55.15%
[BBC t=4964.9s] UB=27799431.14 LB=12469238.03 gap=55.15%
[BBC t=4997.1s] UB=27799431.14 LB=12469547.62 gap=55.14%
[BBC t=5016.3s] UB=27799431.14 LB=12471074.14 gap=55.14%
[BBC t=5033.4s] UB=27799431.14 LB=12471505.37 gap=55.14%
[BBC t=5049.1s] UB=27799431.14 LB=12472728.68 gap=55.13%
[BBC t=5091.2s] UB=27799431.14 LB=12474444.70 gap=55.13%
[BBC t=5109.6s] UB=26011475.48 LB=12474688.61 gap=52.04%
[BBC t=5124.8s] UB=26011475.48 LB=12477443.57 gap=52.03%
[BBC t=5137.8s] UB=26011475.48 LB=12477553.58 gap=52.03%
[BBC t=5151.8s] UB=26011475.48 LB=12477706.47 gap=52.03%
[BBC t=5171.3s] UB=26011475.48 LB=12478388.95 gap=52.03%
[BBC t=5201.2s] UB=26011475.48 LB=12478477.69 gap=52.03%
[BBC t=5212.3s] UB=26011475.48 LB=12479903.23 gap=52.02%
[BBC t=5234.4s] UB=26011475.48 LB=12481205.01 gap=52.02%
[BBC t=5246.6s] UB=26011475.48 LB=12481704.64 gap=52.01%
[BBC t=5282.7s] UB=26011475.48 LB=12482214.90 gap=52.01%
[BBC t=5299.7s] UB=26011475.48 LB=12484563.33 gap=52.00%
[BBC t=5310.3s] UB=26011475.48 LB=12484865.13 gap=52.00%
[BBC t=5322.1s] UB=26011475.48 LB=12486340.56 gap=52.00%
[BBC t=5363.2s] UB=26011475.48 LB=12487028.20 gap=51.99%
[BBC t=5374.1s] UB=26011475.48 LB=12488637.58 gap=51.99%
[BBC t=5390.9s] UB=26011475.48 LB=12489916.11 gap=51.98%
[BBC t=5401.3s] UB=26011475.48 LB=12490417.94 gap=51.98%
[BBC t=5435.9s] UB=26011475.48 LB=12490417.94 gap=51.98%
[BBC t=5448.0s] UB=26011475.48 LB=12490572.66 gap=51.98%
[BBC t=5464.9s] UB=26011475.48 LB=12491811.11 gap=51.98%
[BBC t=5485.6s] UB=26011475.48 LB=12492272.48 gap=51.97%
[BBC t=5525.8s] UB=26011475.48 LB=12492718.56 gap=51.97%
[BBC t=5539.8s] UB=26011475.48 LB=12493797.82 gap=51.97%
[BBC t=5551.7s] UB=25950334.97 LB=12494101.78 gap=51.85%
[BBC t=5563.5s] UB=25950334.97 LB=12495668.97 gap=51.85%
[BBC t=5577.3s] UB=25950334.97 LB=12495815.19 gap=51.85%
[BBC t=5609.0s] UB=25950334.97 LB=12496083.03 gap=51.85%
[BBC t=5622.1s] UB=25950334.97 LB=12496146.16 gap=51.85%
[BBC t=5634.7s] UB=25950334.97 LB=12498037.69 gap=51.84%
[BBC t=5678.3s] UB=25950334.97 LB=12499660.21 gap=51.83%
[BBC t=5699.3s] UB=25950334.97 LB=12500427.60 gap=51.83%
[BBC t=5715.8s] UB=25950334.97 LB=12501455.90 gap=51.83%
[BBC t=5764.4s] UB=25950334.97 LB=12502208.96 gap=51.82%
[BBC t=5777.0s] UB=25950334.97 LB=12502230.15 gap=51.82%
[BBC t=5791.3s] UB=25950334.97 LB=12503729.30 gap=51.82%
[BBC t=5808.0s] UB=25950334.97 LB=12504642.00 gap=51.81%
[BBC t=5844.4s] UB=25950334.97 LB=12504642.00 gap=51.81%
[BBC t=5860.3s] UB=25950334.97 LB=12504762.04 gap=51.81%
[BBC t=5874.2s] UB=25950334.97 LB=12505046.81 gap=51.81%
[BBC t=5886.9s] UB=25950334.97 LB=12505498.32 gap=51.81%
[BBC t=5908.9s] UB=25950334.97 LB=12505617.03 gap=51.81%
[BBC t=5920.4s] UB=25950334.97 LB=12505738.03 gap=51.81%
[BBC t=5963.8s] UB=25950334.97 LB=12505785.90 gap=51.81%
[BBC t=5978.5s] UB=25950334.97 LB=12506218.43 gap=51.81%
[BBC t=5991.3s] UB=25950334.97 LB=12506794.95 gap=51.80%
[BBC t=6009.2s] UB=25950334.97 LB=12506995.90 gap=51.80%
[BBC t=6024.5s] UB=25950334.97 LB=12507249.76 gap=51.80%
[BBC t=6074.4s] UB=25950334.97 LB=12507758.77 gap=51.80%
[BBC t=6086.5s] UB=25950334.97 LB=12507781.71 gap=51.80%
[BBC t=6096.8s] UB=25950334.97 LB=12509209.80 gap=51.80%
[BBC t=6118.5s] UB=25950334.97 LB=12509494.44 gap=51.79%
[BBC t=6130.4s] UB=25950334.97 LB=12509658.57 gap=51.79%
[BBC t=6143.3s] UB=25950334.97 LB=12510393.58 gap=51.79%
[BBC t=6182.9s] UB=25950334.97 LB=12510393.58 gap=51.79%
[BBC t=6196.8s] UB=25950334.97 LB=12510640.88 gap=51.79%
[BBC t=6208.6s] UB=25950334.97 LB=12510788.91 gap=51.79%
[BBC t=6221.2s] UB=25950334.97 LB=12510913.97 gap=51.79%
[BBC t=6231.3s] UB=25950334.97 LB=12510972.46 gap=51.79%
[BBC t=6242.8s] UB=25950334.97 LB=12511838.77 gap=51.79%
[BBC t=6254.9s] UB=25950334.97 LB=12511909.61 gap=51.79%
[BBC t=6267.7s] UB=25950334.97 LB=12512348.07 gap=51.78%
[BBC t=6305.0s] UB=25950334.97 LB=12512348.07 gap=51.78%
[BBC t=6319.8s] UB=25950334.97 LB=12512843.35 gap=51.78%
[BBC t=6332.1s] UB=25950334.97 LB=12513328.89 gap=51.78%
[BBC t=6344.6s] UB=25950334.97 LB=12515113.08 gap=51.77%
[BBC t=6366.1s] UB=25950334.97 LB=12515799.42 gap=51.77%
[BBC t=6377.4s] UB=25950334.97 LB=12516433.22 gap=51.77%
[BBC t=6415.3s] UB=25950334.97 LB=12516675.55 gap=51.77%
[BBC t=6429.8s] UB=25950334.97 LB=12517397.98 gap=51.76%
[BBC t=6444.4s] UB=25950334.97 LB=12517553.14 gap=51.76%
[BBC t=6463.0s] UB=25950334.97 LB=12518640.97 gap=51.76%
[BBC t=6504.1s] UB=25950334.97 LB=12520639.74 gap=51.75%
[BBC t=6514.6s] UB=25950334.97 LB=12521039.15 gap=51.75%
[BBC t=6530.2s] UB=25852742.52 LB=12521678.86 gap=51.57%
[BBC t=6541.0s] UB=25852742.52 LB=12522077.12 gap=51.56%
[BBC t=6579.3s] UB=25852742.52 LB=12522132.99 gap=51.56%
[BBC t=6590.3s] UB=25852742.52 LB=12523268.60 gap=51.56%
[BBC t=6603.4s] UB=25852742.52 LB=12523545.11 gap=51.56%
[BBC t=6614.2s] UB=25852742.52 LB=12524323.95 gap=51.56%
[BBC t=6625.4s] UB=25852742.52 LB=12524506.13 gap=51.55%
[BBC t=6674.1s] UB=25852742.52 LB=12524879.05 gap=51.55%
[BBC t=6686.6s] UB=25852742.52 LB=12525022.75 gap=51.55%
[BBC t=6706.9s] UB=25852742.52 LB=12525633.96 gap=51.55%
[BBC t=6727.4s] UB=25852742.52 LB=12525961.66 gap=51.55%
[BBC t=6738.2s] UB=25852742.52 LB=12526437.65 gap=51.55%
[BBC t=6751.1s] UB=25852742.52 LB=12526610.43 gap=51.55%
[BBC t=6790.0s] UB=25852742.52 LB=12526610.43 gap=51.55%
[BBC t=6814.2s] UB=25852742.52 LB=12527728.79 gap=51.54%
[BBC t=6837.5s] UB=25852742.52 LB=12527966.27 gap=51.54%
[BBC t=6849.3s] UB=25852742.52 LB=12529252.78 gap=51.54%
[BBC t=6889.3s] UB=25852742.52 LB=12529252.78 gap=51.54%
[BBC t=6899.7s] UB=25852742.52 LB=12530548.60 gap=51.53%
[BBC t=6921.4s] UB=25852742.52 LB=12531073.20 gap=51.53%
[BBC t=6969.8s] UB=25852742.52 LB=12531505.60 gap=51.53%
[BBC t=6990.9s] UB=25852742.52 LB=12532091.52 gap=51.53%
[BBC t=7004.5s] UB=25852742.52 LB=12532395.16 gap=51.52%
[BBC t=7015.2s] UB=25852742.52 LB=12532531.07 gap=51.52%
[BBC t=7035.1s] UB=25852742.52 LB=12532789.55 gap=51.52%
[BBC t=7073.1s] UB=25852742.52 LB=12532937.22 gap=51.52%
[BBC t=7088.0s] UB=25852742.52 LB=12533350.92 gap=51.52%
[BBC t=7098.2s] UB=25852742.52 LB=12534985.55 gap=51.51%
[BBC t=7135.4s] UB=25852742.52 LB=12535683.71 gap=51.51%
[BBC t=7152.8s] UB=25852742.52 LB=12536469.32 gap=51.51%
[BBC t=7199.8s] UB=25852742.52 LB=12537524.88 gap=51.50%
[BBC t=7218.2s] UB=25852742.52 LB=12538368.12 gap=51.50%
[BBC t=7239.5s] UB=25852742.52 LB=12538786.18 gap=51.50%
[BBC t=7252.6s] UB=25852742.52 LB=12539150.27 gap=51.50%
[BBC t=7265.9s] UB=25852742.52 LB=12539634.49 gap=51.50%
----------------------------------------------------------------------
B&BC done | status=TIME_LIMIT | LB=12539634.487645702 | UB=25852742.52114295 | gap=51.49592165167579%
cuts_added=23263 user_cuts=900 lazy_cuts=18223 seed_cuts=4140 pareto_enabled=True rootSeedIters=69/300 seeded_LB=11793084.148240594 rootSeedStop=lb_rel_improve_below_0.000500_for_10_rounds rootCutRounds=15/15 parallel_oracles=5 oracle_solves=23460 cache_hits=2 cache_misses=782 root_seed_time=230.32s callback_time=4604.57s

==================================================
SP MODEL (RP) RESULT SUMMARY
 
 - Engine: multi-cut Branch-and-Benders-Cut (MCVaR)
 - Disaster Areas: 70
 - Candidate CCPs: 50
 - Hospitals: 18
 - Scenarios: 30
 - Time Period: 8
 - Objective Value:     25852742.52
 - CPU Time:            7266.76 s
 - num_vars:            1111
 - num_constrs:         4340
 - Nodes:               67595
 - Iteration:           4306631 (Simplex iterations)
 - Best UB (Objective): 25852742.52
 - Best LB (Bound):     12539634.49
 - Final Gap:           51.4959%
 - VSS(%)    = NA
 - EVPI(%)   = NA
--------------------------------------------------
 - RISK MEASURE (mean-CVaR of second-stage cost):
 - alpha:               0.9
 - lambda:              0.5
 - first_stage_cost:    14459600.00
 - expected_Q:          6283681.55
 - VaR (phi*):          14256441.55
 - CVaR_alpha:          16502603.49
 - MCVaR:               11393142.52
--------------------------------------------------
 - First-stage decisions (Here and Now):
   CCP 6    -> X: 1, Staff(V): 21, Amb(U): 10, MedicalSupply(Y): 451.00
   CCP 29   -> X: 1, Staff(V): 28, Amb(U): 10, MedicalSupply(Y): 570.00
   CCP 30   -> X: 1, Staff(V): 10, Amb(U):  8, MedicalSupply(Y): 312.00
   CCP 31   -> X: 1, Staff(V): 21, Amb(U):  9, MedicalSupply(Y): 396.00
   CCP 41   -> X: 1, Staff(V): 15, Amb(U): 10, MedicalSupply(Y): 264.00
   CCP 46   -> X: 1, Staff(V): 14, Amb(U):  6, MedicalSupply(Y): 199.00
--------------------------------------------------
 - B&BC ALGORITHM STATISTICS:
 - solver_status:        TIME_LIMIT
 - multi_cut:            True
 - total_cuts:           23263
 - seed_cuts:            4140 (root seed 69/300)
 - seeded_LB:            11793084.148240594
 - root_seed_stop:       lb_rel_improve_below_0.000500_for_10_rounds (230.32 s)
 - lazy_cuts:            18223
 - user_cuts:            900 (root rounds 15/15)
 - oracle_solves:        23460
 - incumbent_evals:      609
 - callback_time:        4604.57 s
 - master_nodes:         67595
 - wall_time_total:      7270.37 s
==================================================
  -> OK obj=25852742.521143 time=7266.76s gap=51.495922%
