Log file: C:\Users\User\Desktop\救護車派遣\006\logs\bbc ablation\20260815_184252\07_small_DRO-box_Extensive.log

[7/72] scale=small model=DRO-box config=Extensive
Log file: C:\Users\User\Desktop\救護車派遣\006\logs\SP_seed42_scen30_used30_period8_sample1p0_D1p0_R1p0_H1p0_tl7200p0_gap0p01.log
Set parameter WLSAccessID
Set parameter WLSSecret
Set parameter LicenseID to value 2840773
Academic license 2840773 - for non-commercial use only - registered to ss___@gapp.nthu.edu.tw
Set parameter OutputFlag to value 1
==================================================
RUN METADATA
==================================================
- model_type: Extensive-DRO(box)
- scenario_size_used: 30
- time_limit: 7200.0
- mip_gap: 0.01
- risk_alpha: 0.9
- risk_lambda: 0.5
- ambiguity_scope: 0.01
- gurobi_Threads: 0
- gurobi_ConcurrentMIP: 1
- master_seed: 42
- num_scenarios_config: 30
- num_periods: 8
- sample_ratio: None
- sampled_disaster_areas: 70
- sampled_ccps: 50
- sampled_hospitals: 18
- demand_multiplier: 1.0
- road_capacity_multiplier: 1.0
- hospital_capacity_multiplier: 1.0
==================================================

Optimizing Extensive SP+MCVaR+DRO(box) Model (monolithic, no acceleration)...

Gurobi Optimizer version 13.0.2 build v13.0.2rc1 (win64 - Windows Server 2025+.0 (26200.2))

CPU model: AMD Ryzen 9 9900X 12-Core Processor, instruction set [SSE2|AVX|AVX2|AVX512]
Thread count: 12 physical cores, 24 logical processors, using up to 24 threads

Non-default parameters:
TimeLimit  7200
MIPGap  0.01

Academic license 2840773 - for non-commercial use only - registered to ss___@gapp.nthu.edu.tw
Optimize a model with 1272800 rows, 3099603 columns and 18575720 nonzeros (Min)
Model fingerprint: 0x6862b721
Model has 3027601 linear objective coefficients
Variable types: 3098553 continuous, 1050 integer (50 binary)
Coefficient statistics:
  Matrix range     [4e-04, 1e+05]
  Objective range  [5e-03, 2e+06]
  Bounds range     [1e+00, 1e+00]
  RHS range        [4e-02, 3e+02]

Presolve removed 61860 rows and 111030 columns (presolve time = 5s)...
Presolve removed 72360 rows and 121530 columns (presolve time = 10s)...
Presolve removed 72360 rows and 121530 columns (presolve time = 15s)...
Presolve removed 72360 rows and 121530 columns (presolve time = 20s)...
Presolve removed 72360 rows and 121530 columns
Presolve time: 20.80s
Presolved: 1200440 rows, 2978073 columns, 15870890 nonzeros
Variable types: 2977023 continuous, 1050 integer (50 binary)
Found heuristic solution: objective 1.071901e+08
Found heuristic solution: objective 3.933896e+07
Deterministic concurrent LP optimizer: primal simplex, dual simplex, and barrier
Showing barrier log only...

Root barrier log...

Elapsed ordering time = 10s
Elapsed ordering time = 10s
Ordering time: 26.05s
Elapsed ordering time = 28s
Elapsed ordering time = 32s
Elapsed ordering time = 35s
Elapsed ordering time = 40s
Ordering time: 44.41s

Barrier statistics:
 Dense cols : 153
 Free vars  : 3
 AA' NZ     : 1.242e+07
 Factor NZ  : 7.686e+07 (roughly 2.3 GB of memory)
 Factor Ops : 4.881e+10 (less than 1 second per iteration)
 Threads    : 10

                  Objective                Residual
Iter       Primal          Dual         Primal    Dual     Compl     Time
   0   2.90759973e+10 -7.63367648e+12  5.66e+07 1.37e+04  4.82e+07    97s
   1   1.76910798e+10 -6.39550804e+12  3.85e+07 2.19e+04  3.15e+07    98s
   2   1.58596387e+10 -5.26189012e+12  3.38e+07 7.15e+03  2.53e+07    99s
   3   1.11863585e+10 -4.64537358e+12  2.51e+07 1.25e+03  1.88e+07   100s
   4   2.15693933e+09 -4.29182997e+12  4.04e+06 9.80e+02  3.48e+06   101s
   5   1.49346682e+09 -3.26444374e+12  2.51e+06 5.35e+02  2.12e+06   102s
   6   1.01786486e+09 -2.22358227e+12  1.48e+06 2.34e+02  1.21e+06   103s
   7   6.74509138e+08 -1.04734090e+12  8.02e+05 5.18e+01  5.66e+05   103s
   8   3.66948627e+08 -4.65263421e+11  3.31e+05 1.55e+01  2.19e+05   104s
   9   1.86872099e+08 -2.07923757e+11  1.05e+05 4.29e+00  7.44e+04   106s
  10   1.03988371e+08 -1.22279183e+11  1.76e+04 1.97e+00  2.43e+04   107s
  11   9.09529072e+07 -5.72508452e+10  5.60e+03 7.21e-01  9.91e+03   108s
  12   8.75737329e+07 -2.84830896e+10  2.51e+03 2.78e-01  4.62e+03   108s
  13   8.62332520e+07 -1.26099153e+10  1.21e+03 8.12e-02  1.96e+03   109s
  14   8.41164262e+07 -9.32244524e+09  4.31e+02 4.49e-02  1.38e+03   110s
  15   8.09128075e+07 -1.72527501e+09  2.09e+02 1.00e-04  2.62e+02   111s
  16   7.05287215e+07 -4.85023578e+08  9.47e+01 2.85e-05  7.97e+01   112s
  17   5.23557286e+07 -2.48016804e+08  5.55e+01 1.47e-05  4.29e+01   113s
  18   4.85529067e+07 -2.27476897e+08  4.94e+01 1.34e-05  3.94e+01   114s
  19   3.70007243e+07 -1.91186547e+08  3.31e+01 1.13e-05  3.25e+01   115s
  20   2.73204896e+07 -1.34957805e+08  1.98e+01 8.08e-06  2.31e+01   116s
  21   2.19910570e+07 -7.65866508e+07  1.27e+01 4.79e-06  1.40e+01   117s
  22   2.07116065e+07 -4.11604596e+07  8.95e+00 2.90e-06  8.79e+00   118s
  23   2.03821313e+07 -2.09314259e+07  7.01e+00 1.89e-06  5.87e+00   120s
  24   2.01259778e+07 -1.51765576e+07  5.26e+00 1.61e-06  5.01e+00   121s
  25   1.99845605e+07 -1.00442024e+07  4.59e+00 1.36e-06  4.26e+00   121s
  26   1.98409408e+07 -1.81811829e+06  4.02e+00 9.70e-07  3.07e+00   122s
  27   1.95373063e+07  6.12674822e+06  3.06e+00 5.80e-07  1.90e+00   124s
  28   1.92065189e+07  1.05938816e+07  2.04e+00 3.66e-07  1.22e+00   125s
  29   1.90714876e+07  1.29663302e+07  1.67e+00 2.53e-07  8.66e-01   126s
  30   1.90304141e+07  1.30775655e+07  1.58e+00 4.69e-05  8.45e-01   127s
  31   1.88895279e+07  1.33780664e+07  1.29e+00 1.33e-05  7.82e-01   129s
  32   1.87128876e+07  1.46676974e+07  9.35e-01 1.51e-05  5.74e-01   130s
  33   1.86061796e+07  1.56209102e+07  7.57e-01 1.34e-05  4.23e-01   132s
  34   1.85349999e+07  1.58925397e+07  6.53e-01 1.24e-05  3.75e-01   133s
  35   1.84975154e+07  1.60627459e+07  5.98e-01 1.17e-05  3.45e-01   134s
  36   1.83962129e+07  1.65526451e+07  4.56e-01 1.04e-05  2.62e-01   136s
  37   1.83437944e+07  1.67976364e+07  3.91e-01 9.01e-06  2.19e-01   137s
  38   1.83074781e+07  1.69877027e+07  3.46e-01 7.73e-06  1.87e-01   139s
  39   1.82584504e+07  1.70611664e+07  2.87e-01 7.21e-06  1.70e-01   140s
  40   1.82487524e+07  1.71119971e+07  2.76e-01 6.86e-06  1.61e-01   142s
  41   1.82421940e+07  1.71365942e+07  2.68e-01 6.68e-06  1.57e-01   143s
  42   1.82298113e+07  1.71814140e+07  2.54e-01 6.35e-06  1.49e-01   144s
  43   1.82198147e+07  1.72561997e+07  2.43e-01 5.82e-06  1.37e-01   146s
  44   1.82069283e+07  1.73104286e+07  2.29e-01 5.42e-06  1.27e-01   147s
  45   1.81988410e+07  1.73507833e+07  2.19e-01 5.12e-06  1.20e-01   148s
  46   1.81926688e+07  1.73724367e+07  2.13e-01 4.95e-06  1.16e-01   150s
  47   1.81796652e+07  1.74000623e+07  1.99e-01 4.73e-06  1.11e-01   151s
  48   1.81730233e+07  1.74091754e+07  1.93e-01 4.66e-06  1.08e-01   153s
  49   1.81443406e+07  1.74608797e+07  1.68e-01 4.24e-06  9.69e-02   154s
  50   1.81211289e+07  1.75247063e+07  1.48e-01 3.68e-06  8.46e-02   156s
  51   1.81080063e+07  1.75841356e+07  1.37e-01 3.19e-06  7.43e-02   157s
  52   1.80883493e+07  1.76086250e+07  1.21e-01 2.97e-06  6.80e-02   158s
  53   1.80650208e+07  1.76363583e+07  1.02e-01 2.72e-06  6.08e-02   160s
  54   1.80564218e+07  1.76864233e+07  9.53e-02 2.28e-06  5.25e-02   161s
  55   1.80390190e+07  1.77228181e+07  8.21e-02 1.97e-06  4.49e-02   163s
  56   1.80214372e+07  1.77523167e+07  6.93e-02 1.70e-06  3.82e-02   164s
  57   1.80117807e+07  1.77684723e+07  6.24e-02 1.55e-06  3.45e-02   166s
  58   1.80043060e+07  1.77834780e+07  5.72e-02 1.39e-06  3.13e-02   167s
  59   1.80017918e+07  1.77908340e+07  5.54e-02 1.32e-06  2.99e-02   169s
  60   1.79920819e+07  1.78063799e+07  4.87e-02 1.17e-06  2.63e-02   170s
  61   1.79818912e+07  1.78181304e+07  4.17e-02 1.05e-06  2.32e-02   171s
  62   1.79699881e+07  1.78238710e+07  3.36e-02 9.94e-07  2.07e-02   173s
  63   1.79639452e+07  1.78335667e+07  2.95e-02 8.96e-07  1.85e-02   174s
  64   1.79591008e+07  1.78401843e+07  2.65e-02 8.26e-07  1.69e-02   176s
  65   1.79548079e+07  1.78481353e+07  2.37e-02 7.41e-07  1.51e-02   177s
  66   1.79524358e+07  1.78575001e+07  2.21e-02 6.48e-07  1.35e-02   179s
  67   1.79463713e+07  1.78639528e+07  1.83e-02 5.80e-07  1.17e-02   180s
  68   1.79431735e+07  1.78700556e+07  1.63e-02 5.17e-07  1.04e-02   182s
  69   1.79407434e+07  1.78769891e+07  1.49e-02 4.44e-07  9.04e-03   183s
  70   1.79389778e+07  1.78799142e+07  1.38e-02 4.13e-07  8.38e-03   185s
  71   1.79342246e+07  1.78843629e+07  1.09e-02 3.65e-07  7.07e-03   186s
  72   1.79318403e+07  1.78857194e+07  9.50e-03 3.49e-07  6.54e-03   187s
  73   1.79305139e+07  1.78904168e+07  8.72e-03 2.97e-07  5.69e-03   189s
  74   1.79280635e+07  1.78923911e+07  7.29e-03 2.74e-07  5.06e-03   190s
  75   1.79266363e+07  1.78973357e+07  6.45e-03 2.19e-07  4.16e-03   192s
  76   1.79251872e+07  1.78998336e+07  5.62e-03 1.90e-07  3.60e-03   193s
  77   1.79240027e+07  1.79013399e+07  4.95e-03 1.72e-07  3.21e-03   195s
  78   1.79228632e+07  1.79026894e+07  4.30e-03 1.56e-07  2.86e-03   196s
  79   1.79218324e+07  1.79047475e+07  3.71e-03 1.32e-07  2.42e-03   198s
  80   1.79211694e+07  1.79065378e+07  3.33e-03 1.10e-07  2.08e-03   199s
  81   1.79207398e+07  1.79073743e+07  3.08e-03 9.96e-08  1.90e-03   201s
  82   1.79203717e+07  1.79082953e+07  2.87e-03 8.84e-08  1.71e-03   202s
  83   1.79194811e+07  1.79088348e+07  2.38e-03 8.15e-08  1.51e-03   204s
  84   1.79188280e+07  1.79095001e+07  2.01e-03 7.32e-08  1.32e-03   205s
  85   1.79184299e+07  1.79103434e+07  1.79e-03 8.46e-08  1.15e-03   207s
  86   1.79179401e+07  1.79108948e+07  1.52e-03 9.34e-08  9.99e-04   208s
  87   1.79176466e+07  1.79115051e+07  1.35e-03 1.05e-07  8.71e-04   210s
  88   1.79174321e+07  1.79122570e+07  1.23e-03 1.77e-07  7.34e-04   211s
  89   1.79173679e+07  1.79123665e+07  1.20e-03 1.69e-07  7.09e-04   212s
  90   1.79170224e+07  1.79125839e+07  1.01e-03 1.74e-07  6.30e-04   214s
  91   1.79169118e+07  1.79127743e+07  9.48e-04 1.78e-07  5.87e-04   215s
  92   1.79166601e+07  1.79129494e+07  8.12e-04 1.71e-07  5.26e-04   216s
  93   1.79165093e+07  1.79133242e+07  7.28e-04 1.35e-07  4.52e-04   218s
  94   1.79164213e+07  1.79133694e+07  6.79e-04 1.35e-07  4.33e-04   219s
  95   1.79162641e+07  1.79136293e+07  5.92e-04 1.39e-07  3.74e-04   220s
  96   1.79161744e+07  1.79137933e+07  5.43e-04 1.35e-07  3.38e-04   222s
  97   1.79160867e+07  1.79139391e+07  4.96e-04 1.67e-07  3.05e-04   223s
  98   1.79159880e+07  1.79140123e+07  4.42e-04 1.56e-07  2.80e-04   225s
  99   1.79158943e+07  1.79142744e+07  3.91e-04 1.72e-07  2.30e-04   226s
 100   1.79158388e+07  1.79143101e+07  3.61e-04 1.63e-07  2.17e-04   227s
 101   1.79157703e+07  1.79144419e+07  3.24e-04 1.49e-07  1.88e-04   229s
 102   1.79156853e+07  1.79145066e+07  2.78e-04 1.03e-07  1.67e-04   230s
 103   1.79156253e+07  1.79145449e+07  2.46e-04 1.01e-07  1.53e-04   231s
 104   1.79156089e+07  1.79146093e+07  2.37e-04 1.16e-07  1.42e-04   233s
 105   1.79155615e+07  1.79146810e+07  2.12e-04 1.48e-07  1.25e-04   234s
 106   1.79154928e+07  1.79147768e+07  1.75e-04 1.18e-07  1.02e-04   236s
 107   1.79154438e+07  1.79148380e+07  1.48e-04 9.94e-08  8.59e-05   237s
 108   1.79153882e+07  1.79148949e+07  1.18e-04 8.18e-08  7.00e-05   239s
 109   1.79153691e+07  1.79149083e+07  1.08e-04 7.77e-08  6.54e-05   240s
 110   1.79153509e+07  1.79149428e+07  9.86e-05 6.70e-08  5.79e-05   241s
 111   1.79153423e+07  1.79149493e+07  9.41e-05 6.50e-08  5.57e-05   242s
 112   1.79153169e+07  1.79149831e+07  8.10e-05 5.46e-08  4.73e-05   244s
 113   1.79152900e+07  1.79150045e+07  6.68e-05 4.79e-08  4.05e-05   245s
 114   1.79152811e+07  1.79150108e+07  6.22e-05 4.59e-08  3.83e-05   246s
 115   1.79152777e+07  1.79150180e+07  6.04e-05 4.36e-08  3.68e-05   248s
 116   1.79152675e+07  1.79150278e+07  5.52e-05 4.06e-08  3.40e-05   249s
 117   1.79152521e+07  1.79150396e+07  4.71e-05 3.69e-08  3.01e-05   251s
 118   1.79152354e+07  1.79150616e+07  3.84e-05 3.01e-08  2.46e-05   252s
 119   1.79152317e+07  1.79150733e+07  3.65e-05 2.65e-08  2.24e-05   254s
 120   1.79152195e+07  1.79150836e+07  3.02e-05 2.33e-08  1.92e-05   255s
 121   1.79152097e+07  1.79150873e+07  2.53e-05 2.21e-08  1.73e-05   257s
 122   1.79152047e+07  1.79151042e+07  2.27e-05 1.70e-08  1.42e-05   258s
 123   1.79151990e+07  1.79151091e+07  1.97e-05 1.54e-08  1.27e-05   260s
 124   1.79151945e+07  1.79151162e+07  1.75e-05 1.32e-08  1.11e-05   261s
 125   1.79151905e+07  1.79151240e+07  1.55e-05 1.09e-08  9.42e-06   263s
 126   1.79151878e+07  1.79151262e+07  1.41e-05 1.02e-08  8.74e-06   264s
 127   1.79151840e+07  1.79151317e+07  1.22e-05 8.46e-09  7.41e-06   266s
 128   1.79151796e+07  1.79151385e+07  9.89e-06 6.39e-09  5.81e-06   268s
 129   1.79151762e+07  1.79151410e+07  8.19e-06 5.60e-09  4.98e-06   270s
 130   1.79151742e+07  1.79151429e+07  7.21e-06 5.03e-09  4.43e-06   272s
 131   1.79151709e+07  1.79151460e+07  5.55e-06 4.08e-09  3.54e-06   274s
 132   1.79151684e+07  1.79151479e+07  4.29e-06 3.48e-09  2.90e-06   275s
 133   1.79151652e+07  1.79151504e+07  2.73e-06 2.77e-09  2.12e-06   277s
 134   1.79151637e+07  1.79151534e+07  2.00e-06 1.84e-09  1.48e-06   279s
 135   1.79151627e+07  1.79151551e+07  1.50e-06 1.30e-09  1.09e-06   281s
 136   1.79151617e+07  1.79151559e+07  1.01e-06 1.08e-09  8.30e-07   283s
 137   1.79151610e+07  1.79151568e+07  6.82e-07 8.14e-10  6.06e-07   285s
 138   1.79151609e+07  1.79151572e+07  6.22e-07 7.25e-10  5.23e-07   287s
 139   1.79151605e+07  1.79151579e+07  5.66e-07 5.08e-10  3.84e-07   288s
 140   1.79151603e+07  1.79151581e+07  4.71e-07 4.50e-10  3.16e-07   290s
 141   1.79151601e+07  1.79151585e+07  3.59e-07 3.04e-10  2.29e-07   293s
 142   1.79151600e+07  1.79151589e+07  3.04e-07 3.17e-10  1.58e-07   295s
 143   1.79151599e+07  1.79151592e+07  2.07e-07 3.48e-10  9.36e-08   297s
 144   1.79151598e+07  1.79151594e+07  1.19e-07 2.49e-10  5.52e-08   299s
 145   1.79151597e+07  1.79151595e+07  4.66e-08 4.23e-10  2.51e-08   301s
 146   1.79151596e+07  1.79151596e+07  2.80e-08 4.81e-10  1.20e-08   302s
 147   1.79151596e+07  1.79151596e+07  1.72e-08 1.15e-09  6.90e-09   304s

Barrier solved model in 147 iterations and 303.85 seconds (496.06 work units)
Optimal objective 1.79151596e+07


Root crossover log...

  256537 DPushes remaining with DInf 0.0000000e+00               304s
   84865 DPushes remaining with DInf 0.0000000e+00               305s
   10359 DPushes remaining with DInf 0.0000000e+00               310s
    6524 DPushes remaining with DInf 0.0000000e+00               315s
    4886 DPushes remaining with DInf 0.0000000e+00               321s
    3796 DPushes remaining with DInf 0.0000000e+00               330s
    3295 DPushes remaining with DInf 0.0000000e+00               337s
    2835 DPushes remaining with DInf 0.0000000e+00               344s
    2325 DPushes remaining with DInf 0.0000000e+00               351s
    1945 DPushes remaining with DInf 0.0000000e+00               358s
    1575 DPushes remaining with DInf 0.0000000e+00               365s
    1135 DPushes remaining with DInf 0.0000000e+00               373s
     805 DPushes remaining with DInf 0.0000000e+00               381s
     465 DPushes remaining with DInf 0.0000000e+00               389s
     115 DPushes remaining with DInf 0.0000000e+00               396s
       0 DPushes remaining with DInf 0.0000000e+00               398s

   19282 PPushes remaining with PInf 2.9713749e-02               398s
    8132 PPushes remaining with PInf 2.5875837e-02               400s
       0 PPushes remaining with PInf 4.2410933e-05               403s

  Push phase complete: Pinf 4.2410933e-05, Dinf 4.2658526e+03    403s


Root simplex log...

Iteration    Objective       Primal Inf.    Dual Inf.      Time
   67096    1.7915160e+07   0.000000e+00   4.265853e+03    403s
   67176    1.7915160e+07   0.000000e+00   0.000000e+00    405s
Crossover time: 100.83 seconds (69.12 work units)
Concurrent spin time: 54.42s (can be avoided by choosing Method=3)

Solved with barrier

Root relaxation: objective 1.791516e+07, 67176 iterations, 416.96 seconds (469.44 work units)

    Nodes    |    Current Node    |     Objective Bounds      |     Work
 Expl Unexpl |  Obj  Depth IntInf | Incumbent    BestBd   Gap | It/Node Time

     0     0 1.7915e+07    0  165 3.9339e+07 1.7915e+07  54.5%     -  464s
H    0     0                    3.440216e+07 1.7915e+07  47.9%     -  470s
     0     0          -    0      3.4402e+07 1.7915e+07  47.9%     - 7200s

Cutting planes:
  Implied bound: 11781
  MIR: 35357
  Flow cover: 11456
  Flow path: 1791
  Network: 204
  Relax-and-lift: 434

Explored 1 nodes (393949 simplex iterations) in 7200.29 seconds (13568.83 work units)
Thread count was 24 (of 24 available processors)

Solution count 3: 3.44022e+07 3.9339e+07 1.0719e+08 

Time limit reached
Best objective 3.440216437638e+07, best bound 1.791515961266e+07, gap 47.9243%
  -> OK obj=34402164.376381 time=7200.42s gap=47.924324%
