Log file: logs\SP_seed42_scen5_usedALL_period8_sample1p0_D1p0_R1p0_H1p0_tl3600p0_gap0p01_r02.log
==================================================
RUN METADATA
==================================================
- model_type: SP
- scenario_size_used: 5
- time_limit: 3600.0
- mip_gap: 0.01
- master_seed: 42
- num_scenarios_config: 5
- num_periods: 8
- sample_ratio: 1.0
- sampled_disaster_areas: 129
- sampled_ccps: 10
- sampled_hospitals: 16
- demand_multiplier: 1.0
- road_capacity_multiplier: 1.0
- hospital_capacity_multiplier: 1.0
==================================================
Set parameter Username
Set parameter LicenseID to value 2782025
Academic license - for non-commercial use only - expires 2027-02-23
