Log file: logs\SP_seed42_scen5_usedALL_period8_sample0p2_D1p0_R1p0_H1p0_tl3600p0_gap0p01.log
==================================================
RUN METADATA
==================================================
- model_type: SP
- scenario_size_used: 5
- scenario_size_request: ALL
- time_limit: 3600.0
- mip_gap: 0.01
- master_seed: 42
- num_scenarios_config: 5
- num_periods: 8
- sample_ratio: 0.2
- sampled_disaster_areas: 46
- sampled_ccps: 8
- sampled_hospitals: 4
- demand_multiplier: 1.0
- road_capacity_multiplier: 1.0
- hospital_capacity_multiplier: 1.0
==================================================
Set parameter Username
Set parameter LicenseID to value 2782025
Academic license - for non-commercial use only - expires 2027-02-23
==================================================

Optimizing SP Model (RP)...

[Time: 0.2s] Best LB: -148043425.99 | Best UB:  88451813.42 | Gap: 267.37%
[Time: 58.7s] Best LB:   5564872.10 | Best UB:  88451813.42 | Gap:  93.71%
[Time: 61.0s] Best LB:   5564872.10 | Best UB:  12582783.27 | Gap:  55.77%
[Time: 79.1s] Best LB:   5620911.32 | Best UB:  12582783.27 | Gap:  55.33%
[Time: 80.8s] Best LB:   5620922.91 | Best UB:  11453906.70 | Gap:  50.93%
[Time: 94.5s] Best LB:   5643938.44 | Best UB:  11453906.70 | Gap:  50.72%
[Time: 105.6s] Best LB:   5651423.20 | Best UB:  11453906.70 | Gap:  50.66%
[Time: 128.0s] Best LB:   5664087.81 | Best UB:   8088303.95 | Gap:  29.97%
[Time: 167.1s] Best LB:   5674349.59 | Best UB:   8003807.53 | Gap:  29.10%
[Time: 180.2s] Best LB:   5680266.64 | Best UB:   6504246.17 | Gap:  12.67%
[Time: 208.7s] Best LB:   5686320.05 | Best UB:   6504228.08 | Gap:  12.58%
[Time: 226.1s] Best LB:   5712277.08 | Best UB:   6504228.08 | Gap:  12.18%
[Time: 250.3s] Best LB:   6502714.24 | Best UB:   6504228.08 | Gap:   0.02%

==================================================
SP MODEL (RP) RESULT SUMMARY
 
 - Disaster Areas: 46
 - Candidate CCPs: 8
 - Hospitals: 4
 - Scenarios: 5
 - Time Period: 8
 - Objective Value:     6504228.08
 - CPU Time:            250.39 s
 - num_vars:            54856
 - num_constrs:         26070
 - Nodes:               1
 - Iteration:           276101 (Simplex iterations)
 - Best UB (Objective): 6504228.08
 - Best LB (Bound):     6502714.24
 - Final Gap:           0.0233%
 - VSS(%)    = 2.1736 %
 - EVPI(%)   = 0.7174 %
--------------------------------------------------
 - First-stage decisions (Here and Now):
   CCP 5    -> X: 1, Staff(V): 39, Amb(U): 14, MedicalSupply(Y): 773.00
   CCP 13   -> X: 1, Staff(V): 20, Amb(U):  8, MedicalSupply(Y): 385.00
--------------------------------------------------
 - Expected KPIs (probability-weighted across scenarios):
 - total_demand:                  749.82
 - total_transported_to_ccp (FI): 708.11
 - total_transferred_to_hospital (FO): 233.78
 - total_remaining_disaster_area (RM): 57.04 (all periods summed)
 - total_waiting_at_ccp (WAT):         0.00 (all periods summed)
--------------------------------------------------
 - max_ccp_utilization_%:                 94.58 %
 - max_hospital_utilization_%:           100.00 %
 - max_road_ij_utilization_%:            100.00 %
 - max_road_jh_utilization_%:            100.00 %
 - max_staff_utilization_%:              100.00 %
 - max_ccp_ambulance_utilization_%:      100.00 %
 - max_hospital_ambulance_utilization_%:  78.36 %
==================================================
