Log file: C:\Amy\002 救護車調度和損壞道路修復決策\005 程式\Taipei Case Test_(06-28)\logs\SP_seed42_scen5_usedALL_period8_sample1p0_D1p0_R1p0_H1p0_tl3600p0_gap0p01_r06.log
==================================================
RUN METADATA
==================================================
- model_type: SP
- scenario_size_used: 5
- time_limit: 3600.0
- mip_gap: 0.01
- master_seed: 42
- num_scenarios_config: 5
- num_periods: 8
- sample_ratio: 1.0
- sampled_disaster_areas: 129
- sampled_ccps: 10
- sampled_hospitals: 16
- demand_multiplier: 1.0
- road_capacity_multiplier: 1.0
- hospital_capacity_multiplier: 1.0
==================================================
Set parameter Username
Set parameter LicenseID to value 2782025
Academic license - for non-commercial use only - expires 2027-02-23
==================================================

Optimizing SP Model (RP)...

[Time: 1.1s] Best LB:         0.00 | Best UB: 403481829.74 | Gap: 100.00%
[Time: 16.5s] Best LB:  24600720.79 | Best UB:  29976475.30 | Gap:  17.93%
[Time: 121.4s] Best LB:  24622739.54 | Best UB:  29976475.30 | Gap:  17.86%
[Time: 134.0s] Best LB:  24622740.15 | Best UB:  27194280.15 | Gap:   9.46%
[Time: 254.8s] Best LB:  24624915.46 | Best UB:  26168778.48 | Gap:   5.90%
[Time: 312.2s] Best LB:  24625170.20 | Best UB:  26168778.48 | Gap:   5.90%
[Time: 325.4s] Best LB:  24625190.07 | Best UB:  26168778.48 | Gap:   5.90%
[Time: 337.5s] Best LB:  24625193.51 | Best UB:  26168778.48 | Gap:   5.90%
[Time: 583.0s] Best LB:  24630910.11 | Best UB:  26168778.48 | Gap:   5.88%
[Time: 638.0s] Best LB:  24631209.57 | Best UB:  26168778.48 | Gap:   5.88%
[Time: 653.9s] Best LB:  24631261.38 | Best UB:  26168778.48 | Gap:   5.88%
[Time: 715.4s] Best LB:  24631270.36 | Best UB:  25479728.35 | Gap:   3.33%
[Time: 813.8s] Best LB:  24631826.64 | Best UB:  25479728.35 | Gap:   3.33%
[Time: 838.6s] Best LB:  24631826.70 | Best UB:  25438865.46 | Gap:   3.17%
[Time: 863.5s] Best LB:  24631876.18 | Best UB:  25438865.46 | Gap:   3.17%
[Time: 882.2s] Best LB:  24631893.57 | Best UB:  25438865.46 | Gap:   3.17%
[Time: 909.9s] Best LB:  24631896.10 | Best UB:  25438865.46 | Gap:   3.17%
[Time: 933.5s] Best LB:  24631943.93 | Best UB:  25438865.46 | Gap:   3.17%
[Time: 943.4s] Best LB:  24631943.93 | Best UB:  25438469.18 | Gap:   3.17%
[Time: 955.7s] Best LB:  24631957.84 | Best UB:  25438469.18 | Gap:   3.17%
[Time: 971.8s] Best LB:  24631960.48 | Best UB:  25438469.18 | Gap:   3.17%
[Time: 1100.7s] Best LB:  24631960.48 | Best UB:  25436243.08 | Gap:   3.16%
[Time: 1174.8s] Best LB:  24631960.50 | Best UB:  25436243.08 | Gap:   3.16%
Optimization ended with status 11
