Log file: logs\SP_seed42_scen20_usedALL_period4_sample0p25_D1p0_R1p0_H1p0_tl3600p0_gap0p01.log
==================================================
RUN METADATA
==================================================
- model_type: SP
- scenario_size_used: 20
- scenario_size_request: ALL
- time_limit: 3600.0
- mip_gap: 0.01
- master_seed: 42
- num_scenarios_config: 20
- num_periods: 4
- sample_ratio: 0.25
- sampled_disaster_areas: 58
- sampled_ccps: 4
- sampled_hospitals: 5
- demand_multiplier: 1.0
- road_capacity_multiplier: 1.0
- hospital_capacity_multiplier: 1.0
==================================================
Set parameter Username
Set parameter LicenseID to value 2782025
Academic license - for non-commercial use only - expires 2027-02-23
==================================================

Optimizing SP Model (RP)...

[Time: 0.5s] Best LB: -43793539.67 | Best UB:  30555288.08 | Gap: 243.33%
[Time: 45.2s] Best LB:   5175603.10 | Best UB:  30555288.08 | Gap:  83.06%
[Time: 50.2s] Best LB:   5175605.91 | Best UB:   7092621.85 | Gap:  27.03%
[Time: 61.5s] Best LB:   5181245.54 | Best UB:   7092621.85 | Gap:  26.95%
[Time: 62.7s] Best LB:   5181267.92 | Best UB:   6895251.29 | Gap:  24.86%
[Time: 76.7s] Best LB:   5191847.78 | Best UB:   5725669.98 | Gap:   9.32%
[Time: 89.5s] Best LB:   5191847.78 | Best UB:   5725669.98 | Gap:   9.32%
[Time: 107.9s] Best LB:   5252277.90 | Best UB:   5599642.29 | Gap:   6.20%

==================================================
SP MODEL (RP) RESULT SUMMARY
 
 - Disaster Areas: 58
 - Candidate CCPs: 4
 - Hospitals: 5
 - Scenarios: 20
 - Time Period: 4
 - Objective Value:     5599642.29
 - CPU Time:            115.15 s
 - num_vars:            75392
 - num_constrs:         39139
 - Nodes:               1
 - Iteration:           231184 (Simplex iterations)
 - Best UB (Objective): 5599642.29
 - Best LB (Bound):     5599544.00
 - Final Gap:           0.0018%
 - VSS(%)    = 2.4441 %
 - EVPI(%)   = 0.2770 %
--------------------------------------------------
 - First-stage decisions (Here and Now):
   CCP 13   -> X: 1, Staff(V): 25, Amb(U): 11, MedicalSupply(Y): 263.00
   CCP 15   -> X: 1, Staff(V): 41, Amb(U): 15, MedicalSupply(Y): 402.00
--------------------------------------------------
 - Expected KPIs (probability-weighted across scenarios):
 - total_demand:                  466.18
 - total_transported_to_ccp (FI): 385.29
 - total_transferred_to_hospital (FO): 104.94
 - total_remaining_disaster_area (RM): 115.06 (all periods summed)
 - total_waiting_at_ccp (WAT):         0.00 (all periods summed)
--------------------------------------------------
 - max_ccp_utilization_%:                100.00 %
 - max_hospital_utilization_%:           100.00 %
 - max_road_ij_utilization_%:            100.00 %
 - max_road_jh_utilization_%:            100.00 %
 - max_staff_utilization_%:              100.00 %
 - max_ccp_ambulance_utilization_%:      100.00 %
 - max_hospital_ambulance_utilization_%:  88.45 %
==================================================
