Log file: logs\SP_seed42_scen20_usedALL_period12_sample0p25_D1p0_R1p0_H1p0_tl3600p0_gap0p01.log
==================================================
RUN METADATA
==================================================
- model_type: SP
- scenario_size_used: 20
- scenario_size_request: ALL
- time_limit: 3600.0
- mip_gap: 0.01
- master_seed: 42
- num_scenarios_config: 20
- num_periods: 12
- sample_ratio: 0.25
- sampled_disaster_areas: 58
- sampled_ccps: 4
- sampled_hospitals: 5
- demand_multiplier: 1.0
- road_capacity_multiplier: 1.0
- hospital_capacity_multiplier: 1.0
==================================================
Set parameter Username
Set parameter LicenseID to value 2782025
Academic license - for non-commercial use only - expires 2027-02-23
==================================================

Optimizing SP Model (RP)...

[Time: 1.7s] Best LB: -137488965.64 | Best UB: 238755146.21 | Gap: 157.59%
[Time: 19.8s] Best LB:   9907368.58 | Best UB: 238755146.21 | Gap:  95.85%
[Time: 57.3s] Best LB:   9907368.58 | Best UB:  12201043.48 | Gap:  18.80%
[Time: 190.8s] Best LB:   9921722.43 | Best UB:  12201043.48 | Gap:  18.68%
[Time: 197.1s] Best LB:   9921723.09 | Best UB:  10713270.18 | Gap:   7.39%
[Time: 303.9s] Best LB:   9925314.92 | Best UB:  10713270.18 | Gap:   7.35%
[Time: 334.3s] Best LB:   9926219.99 | Best UB:  10713270.18 | Gap:   7.35%
[Time: 400.7s] Best LB:   9928584.78 | Best UB:  10713270.18 | Gap:   7.32%
[Time: 408.8s] Best LB:   9928584.86 | Best UB:  10710435.45 | Gap:   7.30%
[Time: 448.1s] Best LB:   9929389.36 | Best UB:  10710435.45 | Gap:   7.29%
[Time: 497.9s] Best LB:   9929439.36 | Best UB:  10710435.45 | Gap:   7.29%
[Time: 552.6s] Best LB:   9930174.67 | Best UB:  10710435.45 | Gap:   7.29%
[Time: 594.1s] Best LB:   9930218.12 | Best UB:  10710435.45 | Gap:   7.28%
[Time: 622.7s] Best LB:   9930481.77 | Best UB:  10710435.45 | Gap:   7.28%
[Time: 633.5s] Best LB:   9930513.01 | Best UB:  10710435.45 | Gap:   7.28%
[Time: 745.1s] Best LB:   9930513.01 | Best UB:  10710435.45 | Gap:   7.28%
[Time: 891.8s] Best LB:   9930514.43 | Best UB:  10710435.45 | Gap:   7.28%
[Time: 1149.6s] Best LB:   9930514.43 | Best UB:  10710435.45 | Gap:   7.28%
[Time: 1372.2s] Best LB:   9950690.24 | Best UB:  10710435.45 | Gap:   7.09%
[Time: 1431.2s] Best LB:   9967564.07 | Best UB:  10710435.45 | Gap:   6.94%
[Time: 1442.6s] Best LB:  10067511.15 | Best UB:  10710435.45 | Gap:   6.00%
[Time: 1471.9s] Best LB:  10206965.26 | Best UB:  10710435.45 | Gap:   4.70%
[Time: 1482.5s] Best LB:  10214793.32 | Best UB:  10710435.45 | Gap:   4.63%

==================================================
SP MODEL (RP) RESULT SUMMARY
 
 - Disaster Areas: 58
 - Candidate CCPs: 4
 - Hospitals: 5
 - Scenarios: 20
 - Time Period: 12
 - Objective Value:     10710435.45
 - CPU Time:            1483.19 s
 - num_vars:            226112
 - num_constrs:         117219
 - Nodes:               33
 - Iteration:           744180 (Simplex iterations)
 - Best UB (Objective): 10710435.45
 - Best LB (Bound):     10656295.77
 - Final Gap:           0.5055%
 - VSS(%)    = 0.8100 %
 - EVPI(%)   = 0.7821 %
--------------------------------------------------
 - First-stage decisions (Here and Now):
   CCP 10   -> X: 1, Staff(V): 14, Amb(U):  5, MedicalSupply(Y): 402.00
   CCP 13   -> X: 1, Staff(V): 29, Amb(U): 10, MedicalSupply(Y): 860.00
   CCP 15   -> X: 1, Staff(V): 31, Amb(U): 11, MedicalSupply(Y): 860.00
--------------------------------------------------
 - Expected KPIs (probability-weighted across scenarios):
 - total_demand:                  1397.39
 - total_transported_to_ccp (FI): 1283.57
 - total_transferred_to_hospital (FO): 478.61
 - total_remaining_disaster_area (RM): 170.11 (all periods summed)
 - total_waiting_at_ccp (WAT):         0.00 (all periods summed)
--------------------------------------------------
 - max_ccp_utilization_%:                 85.02 %
 - max_hospital_utilization_%:           100.00 %
 - max_road_ij_utilization_%:            100.00 %
 - max_road_jh_utilization_%:            100.00 %
 - max_staff_utilization_%:              100.00 %
 - max_ccp_ambulance_utilization_%:      100.00 %
 - max_hospital_ambulance_utilization_%:  89.76 %
==================================================
