Log file: logs\SP_seed42_scen20_usedALL_period16_sample0p25_D1p0_R1p0_H1p0_tl3600p0_gap0p01.log
==================================================
RUN METADATA
==================================================
- model_type: SP
- scenario_size_used: 20
- scenario_size_request: ALL
- time_limit: 3600.0
- mip_gap: 0.01
- master_seed: 42
- num_scenarios_config: 20
- num_periods: 16
- sample_ratio: 0.25
- sampled_disaster_areas: 58
- sampled_ccps: 4
- sampled_hospitals: 5
- demand_multiplier: 1.0
- road_capacity_multiplier: 1.0
- hospital_capacity_multiplier: 1.0
==================================================
Set parameter Username
Set parameter LicenseID to value 2782025
Academic license - for non-commercial use only - expires 2027-02-23
==================================================

Optimizing SP Model (RP)...

[Time: 2.1s] Best LB: -184206639.92 | Best UB: 415672161.07 | Gap: 144.32%
[Time: 19.1s] Best LB:  12988977.79 | Best UB:  14002825.37 | Gap:   7.24%
[Time: 31.4s] Best LB:  13017730.31 | Best UB:  14002825.37 | Gap:   7.03%
[Time: 43.6s] Best LB:  13024799.09 | Best UB:  14002825.37 | Gap:   6.98%
[Time: 59.4s] Best LB:  13024799.09 | Best UB:  14002825.37 | Gap:   6.98%
[Time: 91.3s] Best LB:  13061869.93 | Best UB:  14002825.37 | Gap:   6.72%
[Time: 102.6s] Best LB:  13062924.23 | Best UB:  14002825.37 | Gap:   6.71%
[Time: 129.5s] Best LB:  13063022.26 | Best UB:  14002825.37 | Gap:   6.71%
[Time: 149.5s] Best LB:  13064895.54 | Best UB:  14002825.37 | Gap:   6.70%
[Time: 160.0s] Best LB:  13064895.54 | Best UB:  14002825.37 | Gap:   6.70%
[Time: 194.8s] Best LB:  13065027.44 | Best UB:  14002825.37 | Gap:   6.70%
[Time: 219.2s] Best LB:  13066173.35 | Best UB:  14002825.37 | Gap:   6.69%
[Time: 232.9s] Best LB:  13066173.35 | Best UB:  14002825.37 | Gap:   6.69%
[Time: 245.0s] Best LB:  13066230.85 | Best UB:  14002825.37 | Gap:   6.69%
[Time: 255.1s] Best LB:  13066387.64 | Best UB:  14002825.37 | Gap:   6.69%
[Time: 265.4s] Best LB:  13066463.95 | Best UB:  14002825.37 | Gap:   6.69%
[Time: 279.0s] Best LB:  13066463.95 | Best UB:  14002825.37 | Gap:   6.69%
[Time: 320.2s] Best LB:  13074397.16 | Best UB:  14002825.37 | Gap:   6.63%
[Time: 403.3s] Best LB:  13171735.98 | Best UB:  14002825.37 | Gap:   5.94%
[Time: 467.3s] Best LB:  13191301.69 | Best UB:  14002825.37 | Gap:   5.80%
[Time: 565.3s] Best LB:  13225764.78 | Best UB:  14002825.37 | Gap:   5.55%

==================================================
SP MODEL (RP) RESULT SUMMARY
 
 - Disaster Areas: 58
 - Candidate CCPs: 4
 - Hospitals: 5
 - Scenarios: 20
 - Time Period: 16
 - Objective Value:     13975899.30
 - CPU Time:            570.09 s
 - num_vars:            301472
 - num_constrs:         156259
 - Nodes:               9
 - Iteration:           188208 (Simplex iterations)
 - Best UB (Objective): 13975899.30
 - Best LB (Bound):     13946011.69
 - Final Gap:           0.2139%
 - VSS(%)    = 7.5605 %
 - EVPI(%)   = 0.7452 %
--------------------------------------------------
 - First-stage decisions (Here and Now):
   CCP 9    -> X: 1, Staff(V):  8, Amb(U):  3, MedicalSupply(Y): 343.00
   CCP 10   -> X: 1, Staff(V): 21, Amb(U):  7, MedicalSupply(Y): 860.00
   CCP 13   -> X: 1, Staff(V): 23, Amb(U):  7, MedicalSupply(Y): 860.00
   CCP 15   -> X: 1, Staff(V): 25, Amb(U): 10, MedicalSupply(Y): 860.00
--------------------------------------------------
 - Expected KPIs (probability-weighted across scenarios):
 - total_demand:                  1863.13
 - total_transported_to_ccp (FI): 1804.76
 - total_transferred_to_hospital (FO): 663.43
 - total_remaining_disaster_area (RM): 70.76 (all periods summed)
 - total_waiting_at_ccp (WAT):         0.15 (all periods summed)
--------------------------------------------------
 - max_ccp_utilization_%:                 86.92 %
 - max_hospital_utilization_%:           100.00 %
 - max_road_ij_utilization_%:            100.00 %
 - max_road_jh_utilization_%:            100.00 %
 - max_staff_utilization_%:               98.72 %
 - max_ccp_ambulance_utilization_%:       99.12 %
 - max_hospital_ambulance_utilization_%: 100.00 %
==================================================
