Log file: logs\SP_seed123_scen5_usedALL_period8_sample1p0_D1p0_R1p0_H1p0_tl3600p0_gap0p01.log
==================================================
RUN METADATA
==================================================
- model_type: SP
- scenario_size_used: 5
- time_limit: 3600.0
- mip_gap: 0.01
- master_seed: 123
- num_scenarios_config: 5
- num_periods: 8
- sample_ratio: 1.0
- sampled_disaster_areas: 129
- sampled_ccps: 10
- sampled_hospitals: 16
- demand_multiplier: 1.0
- road_capacity_multiplier: 1.0
- hospital_capacity_multiplier: 1.0
==================================================
==================================================

Optimizing SP Model (RP)...

[Time: 1.0s] Best LB:         0.00 | Best UB: 368782669.57 | Gap: 100.00%
[Time: 11.6s] Best LB:  23920078.58 | Best UB:  29440991.56 | Gap:  18.75%
[Time: 67.1s] Best LB:  23937081.06 | Best UB:  29440991.56 | Gap:  18.69%
[Time: 71.5s] Best LB:  23937082.04 | Best UB:  25646895.79 | Gap:   6.67%
[Time: 126.8s] Best LB:  23940651.99 | Best UB:  25646895.79 | Gap:   6.65%
[Time: 141.5s] Best LB:  23940888.46 | Best UB:  25646895.79 | Gap:   6.65%
[Time: 215.1s] Best LB:  23943876.81 | Best UB:  24968750.53 | Gap:   4.10%
[Time: 219.0s] Best LB:  23943876.91 | Best UB:  24948488.39 | Gap:   4.03%
[Time: 233.8s] Best LB:  23944139.37 | Best UB:  24948488.39 | Gap:   4.03%
[Time: 253.7s] Best LB:  23944170.05 | Best UB:  24948488.39 | Gap:   4.03%
[Time: 272.3s] Best LB:  23944512.73 | Best UB:  24948488.39 | Gap:   4.02%
[Time: 279.7s] Best LB:  23944512.77 | Best UB:  24917417.00 | Gap:   3.90%
[Time: 292.9s] Best LB:  23944620.70 | Best UB:  24917417.00 | Gap:   3.90%
[Time: 307.8s] Best LB:  23944666.03 | Best UB:  24917417.00 | Gap:   3.90%
[Time: 320.6s] Best LB:  23944666.96 | Best UB:  24917417.00 | Gap:   3.90%
[Time: 340.3s] Best LB:  23944673.86 | Best UB:  24912688.73 | Gap:   3.89%
[Time: 380.1s] Best LB:  23944673.86 | Best UB:  24912688.73 | Gap:   3.89%
[Time: 427.2s] Best LB:  23944673.86 | Best UB:  24912688.73 | Gap:   3.89%
[Time: 465.1s] Best LB:  23947608.16 | Best UB:  24912688.73 | Gap:   3.87%
[Time: 616.1s] Best LB:  23947608.16 | Best UB:  24912688.73 | Gap:   3.87%
[Time: 697.5s] Best LB:  23949718.03 | Best UB:  24912688.73 | Gap:   3.87%
[Time: 785.7s] Best LB:  23951367.21 | Best UB:  24912688.73 | Gap:   3.86%
[Time: 842.2s] Best LB:  23955350.20 | Best UB:  24912688.73 | Gap:   3.84%
[Time: 967.2s] Best LB:  23955350.20 | Best UB:  24912688.73 | Gap:   3.84%
[Time: 1033.2s] Best LB:  23957977.83 | Best UB:  24912688.73 | Gap:   3.83%
[Time: 1095.0s] Best LB:  23959358.96 | Best UB:  24912688.73 | Gap:   3.83%
[Time: 1152.7s] Best LB:  23959359.00 | Best UB:  24912688.73 | Gap:   3.83%
[Time: 1199.5s] Best LB:  23959359.00 | Best UB:  24912688.73 | Gap:   3.83%
[Time: 1238.2s] Best LB:  23959359.00 | Best UB:  24912688.73 | Gap:   3.83%
[Time: 1281.8s] Best LB:  23960944.31 | Best UB:  24912688.73 | Gap:   3.82%
[Time: 1281.9s] Best LB:  23960944.31 | Best UB:  24905422.18 | Gap:   3.79%
[Time: 1328.7s] Best LB:  23960944.31 | Best UB:  24905422.18 | Gap:   3.79%
[Time: 1328.7s] Best LB:  23960944.31 | Best UB:  24905194.90 | Gap:   3.79%
[Time: 1354.5s] Best LB:  23960944.31 | Best UB:  24905194.90 | Gap:   3.79%
[Time: 1354.6s] Best LB:  23960944.31 | Best UB:  24905129.80 | Gap:   3.79%
[Time: 1377.6s] Best LB:  23960944.31 | Best UB:  24905129.80 | Gap:   3.79%
[Time: 1377.7s] Best LB:  23960944.31 | Best UB:  24905127.84 | Gap:   3.79%
[Time: 1400.0s] Best LB:  23963916.41 | Best UB:  24905127.84 | Gap:   3.78%
[Time: 1431.7s] Best LB:  23963916.41 | Best UB:  24905127.84 | Gap:   3.78%
[Time: 1468.8s] Best LB:  23963916.41 | Best UB:  24905127.84 | Gap:   3.78%
[Time: 1788.9s] Best LB:  23963916.41 | Best UB:  24905127.84 | Gap:   3.78%
[Time: 1844.9s] Best LB:  23975671.32 | Best UB:  24905127.84 | Gap:   3.73%
[Time: 1876.6s] Best LB:  23975671.32 | Best UB:  24905127.84 | Gap:   3.73%
[Time: 1901.8s] Best LB:  23979218.38 | Best UB:  24905127.84 | Gap:   3.72%
[Time: 1901.8s] Best LB:  23979218.38 | Best UB:  24905124.16 | Gap:   3.72%
[Time: 1901.8s] Best LB:  23979218.38 | Best UB:  24905080.02 | Gap:   3.72%
[Time: 1942.9s] Best LB:  23979218.38 | Best UB:  24905080.02 | Gap:   3.72%
[Time: 1991.7s] Best LB:  23979218.38 | Best UB:  24905080.02 | Gap:   3.72%
[Time: 2027.1s] Best LB:  23979218.38 | Best UB:  24905080.02 | Gap:   3.72%
[Time: 2053.6s] Best LB:  23985458.76 | Best UB:  24905080.02 | Gap:   3.69%
[Time: 2090.8s] Best LB:  23985458.76 | Best UB:  24905080.02 | Gap:   3.69%
[Time: 2116.4s] Best LB:  23985458.76 | Best UB:  24905080.02 | Gap:   3.69%
[Time: 2146.2s] Best LB:  23985458.76 | Best UB:  24905080.02 | Gap:   3.69%
[Time: 2165.0s] Best LB:  23985458.76 | Best UB:  24905080.02 | Gap:   3.69%
[Time: 3154.7s] Best LB:  23996799.22 | Best UB:  24905080.02 | Gap:   3.65%
[Time: 3169.0s] Best LB:  23996799.22 | Best UB:  24905080.02 | Gap:   3.65%
[Time: 3600.0s] Best LB:  23996799.22 | Best UB:  24905080.02 | Gap:   3.65%

==================================================
SP MODEL (RP) RESULT SUMMARY
 
 - Disaster Areas: 129
 - Candidate CCPs: 10
 - Hospitals: 16
 - Scenarios: 5
 - Time Period: 8
 - Objective Value:     24905080.02
 - CPU Time:            3600.78 s
 - num_vars:            186470
 - num_constrs:         80058
 - Nodes:               2616
 - Iteration:           4053233 (Simplex iterations)
 - Best UB (Objective): 24905080.02
 - Best LB (Bound):     23996799.22
 - Final Gap:           3.6470%
 - VSS(%)    = 42.9444 %
 - EVPI(%)   = 9.9649 %
--------------------------------------------------
 - First-stage decisions (Here and Now):
   CCP J01  -> X: 1, Staff(V): 32, Amb(U): 13, MedicalSupply(Y): 599.00
   CCP J02  -> X: 1, Staff(V): 38, Amb(U): 15, MedicalSupply(Y): 762.00
   CCP J05  -> X: 1, Staff(V): 42, Amb(U): 12, MedicalSupply(Y): 776.00
   CCP J06  -> X: 1, Staff(V): 35, Amb(U): 14, MedicalSupply(Y): 661.00
   CCP J08  -> X: 1, Staff(V): 55, Amb(U): 16, MedicalSupply(Y): 1086.00
   CCP J09  -> X: 1, Staff(V): 37, Amb(U): 14, MedicalSupply(Y): 722.00
   CCP J10  -> X: 1, Staff(V): 30, Amb(U):  9, MedicalSupply(Y): 565.00
--------------------------------------------------
 - Expected KPIs (probability-weighted across scenarios):
 - total_demand:                  3118.30
 - total_transported_to_ccp (FI): 2921.17
 - total_transferred_to_hospital (FO): 975.12
 - total_remaining_disaster_area (RM): 306.56 (all periods summed)
 - total_waiting_at_ccp (WAT):         0.00 (all periods summed)
--------------------------------------------------
 - max_ccp_utilization_%:                100.00 %
 - max_hospital_utilization_%:           100.00 %
 - max_road_ij_utilization_%:            100.00 %
 - max_road_jh_utilization_%:            100.00 %
 - max_staff_utilization_%:              100.00 %
 - max_ccp_ambulance_utilization_%:      100.00 %
 - max_hospital_ambulance_utilization_%: 100.00 %
==================================================
